{
  _type: 'element',
  tags: null,
  links: null,
  viewOf: 'cp.opami-subdomain.audit-system',
  _stage: 'layouted',
  sourcePath: 'src/subdomain-opami/model.views.opami.c4',
  description: null,
  title: 'OPAMI / Audit System / [Container View] Audit System',
  id: 'audit-system-container-view',
  autoLayout: {
    direction: 'TB',
  },
  notation: {
    nodes: [
      {
        title: 'User Interface',
        shape: 'browser',
        color: 'primary',
        kinds: [
          'user-interface',
        ],
      },
      {
        title: 'Microservice',
        shape: 'rectangle',
        color: 'primary',
        kinds: [
          'microservice',
        ],
      },
      {
        title: 'Product',
        shape: 'rectangle',
        color: 'primary',
        kinds: [
          'product',
        ],
      },
      {
        title: 'Subdomain',
        shape: 'rectangle',
        color: 'pale-purple',
        kinds: [
          'subdomain',
        ],
      },
      {
        title: 'Subdomain',
        shape: 'rectangle',
        color: 'pale-green',
        kinds: [
          'subdomain',
        ],
      },
      {
        title: 'Subdomain',
        shape: 'rectangle',
        color: 'pale-yellow',
        kinds: [
          'subdomain',
        ],
      },
      {
        title: 'Subdomain',
        shape: 'rectangle',
        color: 'pale-blue',
        kinds: [
          'subdomain',
        ],
      },
      {
        title: 'Subdomain',
        shape: 'rectangle',
        color: 'pale-grey',
        kinds: [
          'subdomain',
        ],
      },
      {
        title: 'Subdomain',
        shape: 'rectangle',
        color: 'pale-red',
        kinds: [
          'subdomain',
        ],
      },
      {
        title: 'Datastore',
        shape: 'storage',
        color: 'primary',
        kinds: [
          'datastore',
        ],
      },
    ],
  },
  hash: 'nCj9kuXpQ7s9ig5TXiA1wlU-zBTAxwIbBSk8DDam82s',
  bounds: {
    x: -1864,
    y: -360,
    width: 3442,
    height: 2034,
  },
  nodes: [
    {
      id: 'cp.court-hearings-subdomain',
      parent: null,
      level: 0,
      children: [
        'cp.court-hearings-subdomain.hearing-system',
        'cp.court-hearings-subdomain.results-distribution-system',
      ],
      inEdges: [],
      outEdges: [
        '10r49h3',
        'dt3ock',
      ],
      title: 'Court Hearings',
      modelRef: 'cp.court-hearings-subdomain',
      shape: 'rectangle',
      color: 'pale-purple',
      style: {
        opacity: 20,
        size: 'md',
      },
      tags: [],
      notation: 'Subdomain',
      technology: 'Subdomain',
      kind: 'subdomain',
      depth: 1,
      x: -908,
      y: 9,
      width: 835,
      height: 282,
      labelBBox: {
        x: 6,
        y: 0,
        width: 104,
        height: 15,
      },
      drifts: null,
    },
    {
      id: 'cp.scheduling-and-listing-subdomain',
      parent: null,
      level: 0,
      children: [
        'cp.scheduling-and-listing-subdomain.scheduling-and-listing-system',
      ],
      inEdges: [],
      outEdges: [
        'niegmu',
      ],
      title: 'Scheduling and Listing',
      modelRef: 'cp.scheduling-and-listing-subdomain',
      shape: 'rectangle',
      color: 'pale-green',
      style: {
        opacity: 20,
        size: 'md',
      },
      tags: [],
      notation: 'Subdomain',
      technology: 'Subdomain',
      kind: 'subdomain',
      depth: 1,
      x: 1113,
      y: -340,
      width: 445,
      height: 282,
      labelBBox: {
        x: 6,
        y: 0,
        width: 150,
        height: 15,
      },
      drifts: null,
    },
    {
      id: 'cp.case-administration-subdomain',
      parent: null,
      level: 0,
      children: [
        'cp.case-administration-subdomain.advocate-portal',
        'cp.case-administration-subdomain.work-management-system',
        'cp.case-administration-subdomain.case-management-system',
      ],
      inEdges: [
        'n04pqb',
      ],
      outEdges: [
        '1fy1527',
        '19nfbwr',
        '10qfe8u',
      ],
      title: 'Case Administration',
      modelRef: 'cp.case-administration-subdomain',
      shape: 'rectangle',
      color: 'pale-yellow',
      style: {
        opacity: 20,
        size: 'md',
      },
      tags: [],
      notation: 'Subdomain',
      technology: 'Subdomain',
      kind: 'subdomain',
      depth: 1,
      x: -1340,
      y: 318,
      width: 1283,
      height: 295,
      labelBBox: {
        x: 6,
        y: 0,
        width: 133,
        height: 15,
      },
      drifts: null,
    },
    {
      id: 'cp.case-administration-subdomain.advocate-portal',
      parent: 'cp.case-administration-subdomain',
      level: 1,
      children: [],
      inEdges: [],
      outEdges: [
        '1fy1527',
      ],
      title: 'Advocate Portal',
      modelRef: 'cp.case-administration-subdomain.advocate-portal',
      shape: 'rectangle',
      color: 'primary',
      style: {
        opacity: 20,
        size: 'md',
      },
      description: {
        txt: 'Provides access to cases for defence advocates',
      },
      tags: [],
      notation: 'Product',
      technology: 'Product',
      kind: 'product',
      navigateTo: 'advocate-portal-system-context',
      x: -1298,
      y: 383,
      width: 320,
      height: 180,
      labelBBox: {
        x: 34,
        y: 46,
        width: 252,
        height: 85,
      },
      drifts: null,
    },
    {
      id: 'cp.case-administration-subdomain.work-management-system',
      parent: 'cp.case-administration-subdomain',
      level: 1,
      children: [],
      inEdges: [],
      outEdges: [
        '10qfe8u',
      ],
      title: 'Work Management System',
      modelRef: 'cp.case-administration-subdomain.work-management-system',
      shape: 'rectangle',
      color: 'primary',
      style: {
        opacity: 20,
        size: 'md',
      },
      description: {
        txt: 'Manages work queues for case activity tasks',
      },
      tags: [],
      notation: 'Product',
      technology: 'Product',
      kind: 'product',
      navigateTo: 'work-management-system-context',
      x: -854,
      y: 378,
      width: 337,
      height: 180,
      labelBBox: {
        x: 18,
        y: 55,
        width: 302,
        height: 67,
      },
      drifts: null,
    },
    {
      id: 'cp.case-ingestion-subdomain',
      parent: null,
      level: 0,
      children: [
        'cp.case-ingestion-subdomain.cpci',
        'cp.case-ingestion-subdomain.cppi',
        'cp.case-ingestion-subdomain.document-ingestion-system',
        'cp.case-ingestion-subdomain.spi',
      ],
      inEdges: [],
      outEdges: [
        'xab6fo',
        '11quq9z',
        'i1o7hp',
        '1693kyv',
      ],
      title: 'Case and Material Ingestion',
      modelRef: 'cp.case-ingestion-subdomain',
      shape: 'rectangle',
      color: 'pale-blue',
      style: {
        opacity: 20,
        size: 'md',
      },
      tags: [],
      notation: 'Subdomain',
      technology: 'Subdomain',
      kind: 'subdomain',
      depth: 1,
      x: -1844,
      y: 653,
      width: 1812,
      height: 310,
      labelBBox: {
        x: 6,
        y: 0,
        width: 185,
        height: 15,
      },
      drifts: null,
    },
    {
      id: 'cp.dlrm-subdomain',
      parent: null,
      level: 0,
      children: [
        'cp.dlrm-subdomain.legacy-case-migration-system',
      ],
      inEdges: [],
      outEdges: [
        '1r342uk',
      ],
      title: 'Decommissioning and Legacy Risk Mitigation (DLRM)',
      modelRef: 'cp.dlrm-subdomain',
      shape: 'rectangle',
      color: 'pale-grey',
      style: {
        opacity: 20,
        size: 'md',
      },
      tags: [],
      notation: 'Subdomain',
      technology: 'Subdomain',
      kind: 'subdomain',
      depth: 1,
      x: 1112,
      y: -5,
      width: 416,
      height: 282,
      labelBBox: {
        x: 6,
        y: 0,
        width: 326,
        height: 15,
      },
      drifts: null,
    },
    {
      id: 'cp.shared-components-subdomain',
      parent: null,
      level: 0,
      children: [
        'cp.shared-components-subdomain.reference-data-system',
        'cp.shared-components-subdomain.users-and-groups-system',
      ],
      inEdges: [
        '1c5vyb',
      ],
      outEdges: [
        'i7q9xn',
        'zuxjaw',
      ],
      title: 'Shared Components',
      modelRef: 'cp.shared-components-subdomain',
      shape: 'rectangle',
      color: 'pale-grey',
      style: {
        opacity: 20,
        size: 'md',
      },
      tags: [],
      notation: 'Subdomain',
      technology: 'Subdomain',
      kind: 'subdomain',
      depth: 1,
      x: 1121,
      y: 337,
      width: 421,
      height: 548,
      labelBBox: {
        x: 6,
        y: 0,
        width: 132,
        height: 15,
      },
      drifts: null,
    },
    {
      id: 'cp.shared-components-subdomain.reference-data-system',
      parent: 'cp.shared-components-subdomain',
      level: 1,
      children: [],
      inEdges: [],
      outEdges: [
        'zuxjaw',
      ],
      title: 'Reference Data System',
      modelRef: 'cp.shared-components-subdomain.reference-data-system',
      shape: 'rectangle',
      color: 'primary',
      style: {
        opacity: 20,
        size: 'md',
      },
      description: {
        txt: 'Holds reference data used by the rest of the common platform',
      },
      tags: [],
      notation: 'Product',
      technology: 'Product',
      kind: 'product',
      navigateTo: 'reference-data-system-context',
      x: 1169,
      y: 397,
      width: 331,
      height: 180,
      labelBBox: {
        x: 18,
        y: 46,
        width: 296,
        height: 85,
      },
      drifts: null,
    },
    {
      id: 'cp.court-hearings-subdomain.hearing-system',
      parent: 'cp.court-hearings-subdomain',
      level: 1,
      children: [],
      inEdges: [],
      outEdges: [
        '10r49h3',
      ],
      title: 'Hearing System',
      modelRef: 'cp.court-hearings-subdomain.hearing-system',
      shape: 'rectangle',
      color: 'primary',
      style: {
        opacity: 20,
        size: 'md',
      },
      description: {
        txt: 'Manages the lifecycle of hearings and records what happens in them',
      },
      tags: [],
      notation: 'Product',
      technology: 'Product',
      kind: 'product',
      navigateTo: 'hearing-system-context',
      x: -866,
      y: 69,
      width: 346,
      height: 180,
      labelBBox: {
        x: 18,
        y: 46,
        width: 310,
        height: 85,
      },
      drifts: null,
    },
    {
      id: 'cp.court-hearings-subdomain.results-distribution-system',
      parent: 'cp.court-hearings-subdomain',
      level: 1,
      children: [],
      inEdges: [],
      outEdges: [
        'dt3ock',
      ],
      title: 'Results Distribution System',
      modelRef: 'cp.court-hearings-subdomain.results-distribution-system',
      shape: 'rectangle',
      color: 'primary',
      style: {
        opacity: 20,
        size: 'md',
      },
      description: {
        txt: 'Distributes hearing results to criminal justice partners and manages email notification subscriptions for third-party organisations monitoring court events',
      },
      tags: [],
      notation: 'Product',
      technology: 'Product',
      kind: 'product',
      navigateTo: 'results-distribution-system-context',
      x: -435,
      y: 69,
      width: 320,
      height: 180,
      labelBBox: {
        x: 30,
        y: 28,
        width: 261,
        height: 121,
      },
      drifts: null,
    },
    {
      id: 'cp.scheduling-and-listing-subdomain.scheduling-and-listing-system',
      parent: 'cp.scheduling-and-listing-subdomain',
      level: 1,
      children: [],
      inEdges: [],
      outEdges: [
        'niegmu',
      ],
      title: 'Scheduling and Listing System',
      modelRef: 'cp.scheduling-and-listing-subdomain.scheduling-and-listing-system',
      shape: 'rectangle',
      color: 'primary',
      style: {
        opacity: 20,
        size: 'md',
      },
      description: {
        txt: 'Allows management of court schedules, booking of hearings and the publication of listings',
      },
      tags: [],
      notation: 'Product',
      technology: 'Product',
      kind: 'product',
      navigateTo: 'scheduling-and-listing-system-context',
      x: 1155,
      y: -280,
      width: 361,
      height: 180,
      labelBBox: {
        x: 18,
        y: 46,
        width: 326,
        height: 85,
      },
      drifts: null,
    },
    {
      id: 'cp.case-ingestion-subdomain.cpci',
      parent: 'cp.case-ingestion-subdomain',
      level: 1,
      children: [],
      inEdges: [],
      outEdges: [
        'xab6fo',
      ],
      title: 'Common Platform Civil Interface (CPCI)',
      modelRef: 'cp.case-ingestion-subdomain.cpci',
      shape: 'rectangle',
      color: 'primary',
      style: {
        opacity: 20,
        size: 'md',
      },
      description: {
        txt: 'The civil-case ingestion path for Common Platform — used for cases flagged `isCivil=true` that carry non-criminal offence codes rather than criminal offences. Currently accepts civil charge and summons prosecutions from non-police civil prosecuting authorities (local authorities, regulatory bodies, and similar) via APIM, keyed by CJS Organisation Unit code. Complementary to CPPI (which handles criminal Non-Police Prosecutor cases), not a replacement for it. A future Enforcement Integration project (CCT-1222) plans to add a dedicated enforcement submission flow for Libra-Gob — this is currently in design/planning and not yet implemented.',
      },
      tags: [],
      notation: 'Product',
      technology: 'Product',
      kind: 'product',
      navigateTo: 'cpci-system-context',
      x: -1802,
      y: 720,
      width: 394,
      height: 180,
      labelBBox: {
        x: 18,
        y: 19,
        width: 359,
        height: 139,
      },
      drifts: null,
    },
    {
      id: 'cp.case-ingestion-subdomain.cppi',
      parent: 'cp.case-ingestion-subdomain',
      level: 1,
      children: [],
      inEdges: [],
      outEdges: [
        '11quq9z',
      ],
      title: 'Common Platform Prosecutor Interface (CPPI)',
      modelRef: 'cp.case-ingestion-subdomain.cppi',
      shape: 'rectangle',
      color: 'primary',
      style: {
        opacity: 20,
        size: 'md',
      },
      description: {
        txt: 'The Non-Police Prosecutor (NPP) API for ingesting Crown Court, summons, charge, requisition and Single Justice Procedure prosecutions into Common Platform. CPPI is the automated route used by NPPs with their own case management systems (e.g. Transport for London, TV Licensing, DVLA, among others); NPPs without API capability use the Manual Case Create (MCC) route via the Prosecutor UI instead.',
      },
      tags: [],
      notation: 'Product',
      technology: 'Product',
      kind: 'product',
      navigateTo: 'cppi-system-context',
      x: -1323,
      y: 720,
      width: 386,
      height: 201,
      labelBBox: {
        x: 18,
        y: 18,
        width: 351,
        height: 163,
      },
      drifts: null,
    },
    {
      id: 'cp.case-ingestion-subdomain.document-ingestion-system',
      parent: 'cp.case-ingestion-subdomain',
      level: 1,
      children: [],
      inEdges: [],
      outEdges: [
        'i1o7hp',
      ],
      title: 'Document Ingestion System',
      modelRef: 'cp.case-ingestion-subdomain.document-ingestion-system',
      shape: 'rectangle',
      color: 'primary',
      style: {
        opacity: 20,
        size: 'md',
      },
      description: {
        txt: 'Ingests bulk-scanned postal prosecution paperwork (plea forms, financial-means forms, MC100s) from a third-party scanning bureau, and manages the review-and-attachment lifecycle of prosecution documents awaiting attachment to Common Platform cases',
      },
      tags: [],
      notation: 'Product',
      technology: 'Product',
      kind: 'product',
      navigateTo: 'document-ingestion-system-context',
      x: -852,
      y: 713,
      width: 348,
      height: 180,
      labelBBox: {
        x: 18,
        y: 19,
        width: 312,
        height: 139,
      },
      drifts: null,
    },
    {
      id: 'cp.case-ingestion-subdomain.spi',
      parent: 'cp.case-ingestion-subdomain',
      level: 1,
      children: [],
      inEdges: [],
      outEdges: [
        '1693kyv',
      ],
      title: 'Standard Prosecutor Interface (SPI)',
      modelRef: 'cp.case-ingestion-subdomain.spi',
      shape: 'rectangle',
      color: 'primary',
      style: {
        opacity: 20,
        size: 'md',
      },
      description: {
        txt: 'Receives police cases via CJSE and returns case results to police',
      },
      tags: [],
      notation: 'Product',
      technology: 'Product',
      kind: 'product',
      navigateTo: 'spi-system-context',
      x: -432,
      y: 726,
      width: 358,
      height: 180,
      labelBBox: {
        x: 18,
        y: 46,
        width: 322,
        height: 85,
      },
      drifts: null,
    },
    {
      id: 'cp.dlrm-subdomain.legacy-case-migration-system',
      parent: 'cp.dlrm-subdomain',
      level: 1,
      children: [],
      inEdges: [],
      outEdges: [
        '1r342uk',
      ],
      title: 'Legacy Case Migration System',
      modelRef: 'cp.dlrm-subdomain.legacy-case-migration-system',
      shape: 'rectangle',
      color: 'primary',
      style: {
        opacity: 20,
        size: 'md',
      },
      description: {
        txt: 'Supports the migration of cases from legacy systems as part of the DLRM programme',
      },
      tags: [],
      notation: 'Product',
      technology: 'Product',
      kind: 'product',
      navigateTo: 'legacy-case-migration-system-context',
      x: 1154,
      y: 55,
      width: 332,
      height: 180,
      labelBBox: {
        x: 18,
        y: 46,
        width: 297,
        height: 85,
      },
      drifts: null,
    },
    {
      id: 'cp.opami-subdomain',
      parent: null,
      level: 0,
      children: [
        'cp.opami-subdomain.management-information-system',
        'cp.opami-subdomain.audit-system',
      ],
      inEdges: [
        '10r49h3',
        'dt3ock',
        'niegmu',
        '1fy1527',
        '19nfbwr',
        '10qfe8u',
        'xab6fo',
        '11quq9z',
        'i1o7hp',
        '1693kyv',
        '1r342uk',
        'i7q9xn',
        'zuxjaw',
      ],
      outEdges: [
        'n04pqb',
        '1c5vyb',
      ],
      title: 'Operational and Management Information',
      modelRef: 'cp.opami-subdomain',
      shape: 'rectangle',
      color: 'pale-red',
      style: {
        opacity: 20,
        size: 'md',
      },
      tags: [],
      notation: 'Subdomain',
      technology: 'Subdomain',
      kind: 'subdomain',
      depth: 2,
      x: 4,
      y: 9,
      width: 1055,
      height: 1645,
      labelBBox: {
        x: 6,
        y: 0,
        width: 275,
        height: 15,
      },
      drifts: null,
    },
    {
      id: 'cp.opami-subdomain.management-information-system',
      parent: 'cp.opami-subdomain',
      level: 1,
      children: [],
      inEdges: [],
      outEdges: [
        '1pn3mji',
      ],
      title: 'Management Information System',
      modelRef: 'cp.opami-subdomain.management-information-system',
      shape: 'rectangle',
      color: 'primary',
      style: {
        opacity: 20,
        size: 'md',
      },
      description: {
        txt: 'Listens to events from major services and creates a standard SQL model of CP data for operational reports and statistics',
      },
      tags: [],
      notation: 'Product',
      technology: 'Product',
      kind: 'product',
      navigateTo: 'management-information-system-context',
      x: 88,
      y: 69,
      width: 340,
      height: 180,
      labelBBox: {
        x: 18,
        y: 37,
        width: 304,
        height: 103,
      },
      drifts: null,
    },
    {
      id: 'cp.opami-subdomain.audit-system',
      parent: 'cp.opami-subdomain',
      level: 1,
      children: [
        'cp.opami-subdomain.audit-system.audit-reports-ui',
        'cp.opami-subdomain.audit-system.audit-reports-service',
        'cp.opami-subdomain.audit-system.fabric-data-pipeline',
        'cp.opami-subdomain.audit-system.fabric-lakehouse',
        'cp.opami-subdomain.audit-system.audit-message-broker',
        'cp.opami-subdomain.audit-system.audit2dls-service',
        'cp.opami-subdomain.audit-system.audit-blob-storage',
      ],
      inEdges: [
        '1pn3mji',
        '10r49h3',
        'dt3ock',
        'niegmu',
        '1fy1527',
        '19nfbwr',
        '10qfe8u',
        'xab6fo',
        '11quq9z',
        'i1o7hp',
        '1693kyv',
        '1r342uk',
        'i7q9xn',
        'zuxjaw',
      ],
      outEdges: [
        'n04pqb',
        '1c5vyb',
      ],
      title: 'Audit System',
      modelRef: 'cp.opami-subdomain.audit-system',
      shape: 'rectangle',
      color: 'primary',
      style: {
        opacity: 20,
        size: 'md',
      },
      description: {
        txt: 'Stores audit logs and enables querying of audit data for forensic audit purposes',
      },
      tags: [],
      notation: 'Product',
      technology: 'Product',
      kind: 'product',
      depth: 1,
      navigateTo: 'audit-system-context',
      x: 46,
      y: 341,
      width: 971,
      height: 1271,
      labelBBox: {
        x: 6,
        y: 0,
        width: 86,
        height: 15,
      },
      drifts: null,
    },
    {
      id: 'cp.opami-subdomain.audit-system.audit-reports-ui',
      parent: 'cp.opami-subdomain.audit-system',
      level: 2,
      children: [],
      inEdges: [],
      outEdges: [
        'd1dzzf',
      ],
      title: 'Audit Reports UI',
      modelRef: 'cp.opami-subdomain.audit-system.audit-reports-ui',
      shape: 'browser',
      color: 'primary',
      icon: 'tech:angular',
      style: {
        opacity: 15,
        size: 'md',
      },
      description: {
        txt: 'Front-end for viewing and generating audit reports',
      },
      tags: [],
      notation: 'User Interface',
      links: [
        {
          url: 'https://github.com/hmcts/cpp-ui-audit-reports',
          title: 'Repository',
        },
      ],
      technology: 'Angular',
      kind: 'user-interface',
      x: 585,
      y: 401,
      width: 320,
      height: 180,
      labelBBox: {
        x: 59,
        y: 46,
        width: 232,
        height: 85,
      },
      drifts: null,
    },
    {
      id: 'cp.opami-subdomain.audit-system.audit-reports-service',
      parent: 'cp.opami-subdomain.audit-system',
      level: 2,
      children: [],
      inEdges: [
        'd1dzzf',
      ],
      outEdges: [
        'n04pqb',
        '1c5vyb',
        '11a2bm0',
      ],
      title: 'Audit Reports Service',
      modelRef: 'cp.opami-subdomain.audit-system.audit-reports-service',
      shape: 'rectangle',
      color: 'primary',
      icon: 'file://./icons/java-ee.svg',
      style: {
        opacity: 15,
        size: 'md',
      },
      description: {
        txt: 'Backend-for-Frontend API that triggers report generation via Fabric and orchestrates case, material, and user lookups across CP services',
      },
      tags: [],
      metadata: {
        language: 'Java',
        'software-framework': 'Spring Boot',
      },
      notation: 'Microservice',
      links: [
        {
          url: 'https://github.com/hmcts/cp-audit-reports-service-v2',
          title: 'Repository',
        },
      ],
      technology: 'Spring Boot',
      kind: 'microservice',
      x: 571,
      y: 724,
      width: 348,
      height: 180,
      labelBBox: {
        x: 46,
        y: 19,
        width: 286,
        height: 139,
      },
      drifts: null,
    },
    {
      id: 'cp.opami-subdomain.audit-system.fabric-data-pipeline',
      parent: 'cp.opami-subdomain.audit-system',
      level: 2,
      children: [],
      inEdges: [
        '11a2bm0',
      ],
      outEdges: [
        'takv9u',
        'rasi1e',
      ],
      title: 'Fabric Ingestion Pipeline',
      modelRef: 'cp.opami-subdomain.audit-system.fabric-data-pipeline',
      shape: 'rectangle',
      color: 'primary',
      icon: 'tech:azure',
      style: {
        opacity: 20,
        size: 'md',
      },
      description: {
        txt: 'Ingests audit JSON from blob storage, filters, converts to Parquet, and loads into Delta tables in the Lakehouse',
      },
      tags: [],
      technology: 'Microsoft Fabric Data Pipelines / Spark Notebooks',
      kind: 'component',
      x: 573,
      y: 1067,
      width: 343,
      height: 180,
      labelBBox: {
        x: 47,
        y: 28,
        width: 281,
        height: 121,
      },
      drifts: null,
    },
    {
      id: 'cp.case-administration-subdomain.case-management-system',
      parent: 'cp.case-administration-subdomain',
      level: 1,
      children: [],
      inEdges: [
        'n04pqb',
      ],
      outEdges: [
        '19nfbwr',
      ],
      title: 'Case Management System',
      modelRef: 'cp.case-administration-subdomain.case-management-system',
      shape: 'rectangle',
      color: 'primary',
      style: {
        opacity: 20,
        size: 'md',
      },
      description: {
        txt: 'Manages cases',
      },
      tags: [],
      notation: 'Product',
      technology: 'Product',
      kind: 'product',
      navigateTo: 'case-management-system-context',
      x: -419,
      y: 391,
      width: 320,
      height: 180,
      labelBBox: {
        x: 37,
        y: 55,
        width: 245,
        height: 67,
      },
      drifts: null,
    },
    {
      id: 'cp.shared-components-subdomain.users-and-groups-system',
      parent: 'cp.shared-components-subdomain',
      level: 1,
      children: [],
      inEdges: [
        '1c5vyb',
      ],
      outEdges: [
        'i7q9xn',
      ],
      title: 'Users and Groups System',
      modelRef: 'cp.shared-components-subdomain.users-and-groups-system',
      shape: 'rectangle',
      color: 'primary',
      style: {
        opacity: 20,
        size: 'md',
      },
      description: {
        txt: 'Manages users, groups, organisations, roles and permissions',
      },
      tags: [],
      notation: 'Product',
      technology: 'Product',
      kind: 'product',
      navigateTo: 'users-and-groups-system-context',
      x: 1163,
      y: 663,
      width: 335,
      height: 180,
      labelBBox: {
        x: 18,
        y: 46,
        width: 299,
        height: 85,
      },
      drifts: null,
    },
    {
      id: 'cp.opami-subdomain.audit-system.fabric-lakehouse',
      parent: 'cp.opami-subdomain.audit-system',
      level: 2,
      children: [],
      inEdges: [
        'rasi1e',
      ],
      outEdges: [],
      title: 'Fabric Lakehouse',
      modelRef: 'cp.opami-subdomain.audit-system.fabric-lakehouse',
      shape: 'storage',
      color: 'primary',
      icon: 'tech:azure',
      style: {
        opacity: 30,
        size: 'md',
      },
      description: {
        txt: 'Stores processed audit events as Delta tables partitioned by year, month, and day; provides SQL endpoint for querying',
      },
      tags: [],
      notation: 'Datastore',
      technology: 'Microsoft Fabric Lakehouse (Delta)',
      kind: 'datastore',
      x: 630,
      y: 1390,
      width: 345,
      height: 180,
      labelBBox: {
        x: 46,
        y: 28,
        width: 284,
        height: 121,
      },
      drifts: null,
    },
    {
      id: 'cp.opami-subdomain.audit-system.audit-message-broker',
      parent: 'cp.opami-subdomain.audit-system',
      level: 2,
      children: [],
      inEdges: [
        '1pn3mji',
        '10r49h3',
        'dt3ock',
        'niegmu',
        '1fy1527',
        '19nfbwr',
        '10qfe8u',
        'xab6fo',
        '11quq9z',
        'i1o7hp',
        '1693kyv',
        '1r342uk',
        'i7q9xn',
        'zuxjaw',
      ],
      outEdges: [
        'z8672z',
      ],
      title: 'Audit Message Broker',
      modelRef: 'cp.opami-subdomain.audit-system.audit-message-broker',
      shape: 'rectangle',
      color: 'primary',
      style: {
        opacity: 20,
        size: 'md',
      },
      description: {
        txt: 'Dedicated audit message broker; receives audit events from CP microservices via JMS',
      },
      tags: [],
      technology: 'Apache ActiveMQ Artemis',
      kind: 'component',
      x: 91,
      y: 401,
      width: 333,
      height: 180,
      labelBBox: {
        x: 18,
        y: 46,
        width: 297,
        height: 85,
      },
      drifts: null,
    },
    {
      id: 'cp.opami-subdomain.audit-system.audit2dls-service',
      parent: 'cp.opami-subdomain.audit-system',
      level: 2,
      children: [],
      inEdges: [
        'z8672z',
      ],
      outEdges: [
        'k1jedl',
      ],
      title: 'Audit2DLS Service',
      modelRef: 'cp.opami-subdomain.audit-system.audit2dls-service',
      shape: 'rectangle',
      color: 'primary',
      icon: 'file://./icons/java-ee.svg',
      style: {
        opacity: 15,
        size: 'md',
      },
      description: {
        txt: 'Transfers audit data to the Data Lake Store for long-term storage and analysis',
      },
      tags: [],
      metadata: {
        language: 'Java',
        'software-framework': 'Java EE / WildFly',
      },
      notation: 'Microservice',
      links: [
        {
          url: 'https://github.com/hmcts/cpp-context-audit2dls',
          title: 'Repository',
        },
      ],
      technology: 'Java EE / WildFly',
      kind: 'microservice',
      x: 88,
      y: 1067,
      width: 340,
      height: 180,
      labelBBox: {
        x: 46,
        y: 37,
        width: 278,
        height: 103,
      },
      drifts: null,
    },
    {
      id: 'cp.opami-subdomain.audit-system.audit-blob-storage',
      parent: 'cp.opami-subdomain.audit-system',
      level: 2,
      children: [],
      inEdges: [
        'k1jedl',
        'takv9u',
      ],
      outEdges: [],
      title: 'Audit Blob Storage',
      modelRef: 'cp.opami-subdomain.audit-system.audit-blob-storage',
      shape: 'storage',
      color: 'primary',
      icon: 'tech:azure',
      style: {
        opacity: 30,
        size: 'md',
      },
      description: {
        txt: 'Stores audit event JSON files; source data for Fabric ingestion',
      },
      tags: [],
      notation: 'Datastore',
      technology: 'Azure Blob Storage',
      kind: 'datastore',
      x: 137,
      y: 1390,
      width: 334,
      height: 180,
      labelBBox: {
        x: 46,
        y: 46,
        width: 272,
        height: 85,
      },
      drifts: null,
    },
  ],
  edges: [
    {
      id: 'n04pqb',
      parent: null,
      source: 'cp.opami-subdomain.audit-system.audit-reports-service',
      target: 'cp.case-administration-subdomain.case-management-system',
      label: 'resolves material IDs to cases using',
      relations: [
        '1xyujlp',
      ],
      color: 'gray',
      line: 'dashed',
      head: 'normal',
      points: [
        [
          919,
          805,
        ],
        [
          1464,
          778,
        ],
        [
          3125,
          668,
        ],
        [
          3524,
          332,
        ],
        [
          3546,
          313,
        ],
        [
          3560,
          286,
        ],
        [
          3569,
          259,
        ],
      ],
      labelBBox: {
        x: 303,
        y: 667,
        width: 228,
        height: 18,
      },
      controlPoints: [
        {
          x: 303,
          y: 667,
        },
        {
          x: 169,
          y: 623,
        },
      ],
      drifts: null,
      isLabelCustomized: false,
    },
    {
      id: '1c5vyb',
      parent: null,
      source: 'cp.opami-subdomain.audit-system.audit-reports-service',
      target: 'cp.shared-components-subdomain.users-and-groups-system',
      label: 'searches users by IDs and emails using',
      relations: [
        'sazkws',
      ],
      color: 'gray',
      line: 'dashed',
      head: 'normal',
      points: [
        [
          919,
          808,
        ],
        [
          1776,
          782,
        ],
        [
          5550,
          648,
        ],
        [
          6661,
          289,
        ],
        [
          6688,
          280,
        ],
        [
          6716,
          268,
        ],
        [
          6742,
          254,
        ],
      ],
      labelBBox: {
        x: 1017,
        y: 786,
        width: 251,
        height: 18,
      },
      controlPoints: [
        {
          x: 1017,
          y: 786,
        },
        {
          x: 1066,
          y: 781,
        },
      ],
      drifts: null,
      isLabelCustomized: false,
    },
    {
      id: '1pn3mji',
      parent: 'cp.opami-subdomain',
      source: 'cp.opami-subdomain.management-information-system',
      target: 'cp.opami-subdomain.audit-system.audit-message-broker',
      label: 'sends data to',
      relations: [
        'hv2ud8',
        '1m7sh7h',
      ],
      color: 'gray',
      line: 'dashed',
      head: 'normal',
      kind: 'audit',
      points: [
        [
          258,
          249,
        ],
        [
          258,
          293,
        ],
        [
          258,
          346,
        ],
        [
          258,
          391,
        ],
      ],
      labelBBox: {
        x: 259,
        y: 309,
        width: 88,
        height: 18,
      },
      drifts: null,
      isLabelCustomized: false,
      controlPoints: null,
    },
    {
      id: '10r49h3',
      parent: null,
      source: 'cp.court-hearings-subdomain.hearing-system',
      target: 'cp.opami-subdomain.audit-system.audit-message-broker',
      label: 'sends data to',
      relations: [
        '5q1dvn',
        'wur8tx',
        'ta4540',
      ],
      color: 'gray',
      line: 'dashed',
      head: 'normal',
      kind: 'audit',
      points: [
        [
          1197,
          249,
        ],
        [
          1166,
          265,
        ],
        [
          1134,
          279,
        ],
        [
          1102,
          289,
        ],
        [
          1060,
          302,
        ],
        [
          751,
          329,
        ],
        [
          707,
          332,
        ],
        [
          668,
          335,
        ],
        [
          568,
          329,
        ],
        [
          530,
          340,
        ],
        [
          485,
          353,
        ],
        [
          440,
          374,
        ],
        [
          399,
          396,
        ],
      ],
      labelBBox: {
        x: -275,
        y: 305,
        width: 88,
        height: 18,
      },
      controlPoints: [
        {
          x: -275,
          y: 305,
        },
        {
          x: -153,
          y: 347,
        },
      ],
      drifts: null,
      isLabelCustomized: false,
    },
    {
      id: 'dt3ock',
      parent: null,
      source: 'cp.court-hearings-subdomain.results-distribution-system',
      target: 'cp.opami-subdomain.audit-system.audit-message-broker',
      label: 'sends data to',
      relations: [
        'wztfwj',
        'xh4xey',
        'co2gwv',
        'iznoso',
        '160tb1o',
      ],
      color: 'gray',
      line: 'dashed',
      head: 'normal',
      kind: 'audit',
      points: [
        [
          1655,
          249,
        ],
        [
          1627,
          265,
        ],
        [
          1596,
          280,
        ],
        [
          1566,
          289,
        ],
        [
          1504,
          309,
        ],
        [
          1337,
          303,
        ],
        [
          1272,
          309,
        ],
        [
          1179,
          317,
        ],
        [
          1157,
          326,
        ],
        [
          1064,
          332,
        ],
        [
          1034,
          334,
        ],
        [
          559,
          332,
        ],
        [
          530,
          340,
        ],
        [
          484,
          352,
        ],
        [
          438,
          373,
        ],
        [
          397,
          396,
        ],
      ],
      labelBBox: {
        x: -33,
        y: 310,
        width: 88,
        height: 18,
      },
      controlPoints: [
        {
          x: -33,
          y: 310,
        },
        {
          x: 16,
          y: 340,
        },
      ],
      drifts: null,
      isLabelCustomized: false,
    },
    {
      id: 'niegmu',
      parent: null,
      source: 'cp.scheduling-and-listing-subdomain.scheduling-and-listing-system',
      target: 'cp.opami-subdomain.audit-system.audit-message-broker',
      label: 'sends data to',
      relations: [
        '1pz044l',
        '1jrp290',
        '1booqsh',
        '193qy7u',
      ],
      color: 'gray',
      line: 'dashed',
      head: 'normal',
      kind: 'audit',
      points: [
        [
          2106,
          249,
        ],
        [
          2075,
          265,
        ],
        [
          2041,
          280,
        ],
        [
          2008,
          289,
        ],
        [
          1904,
          318,
        ],
        [
          1629,
          298,
        ],
        [
          1522,
          309,
        ],
        [
          1461,
          316,
        ],
        [
          1446,
          327,
        ],
        [
          1385,
          332,
        ],
        [
          1338,
          336,
        ],
        [
          576,
          328,
        ],
        [
          530,
          340,
        ],
        [
          484,
          352,
        ],
        [
          438,
          373,
        ],
        [
          397,
          396,
        ],
      ],
      labelBBox: {
        x: 876,
        y: 100,
        width: 88,
        height: 18,
      },
      controlPoints: [
        {
          x: 876,
          y: 100,
        },
        {
          x: 718,
          y: 201,
        },
      ],
      drifts: null,
      isLabelCustomized: false,
    },
    {
      id: '1fy1527',
      parent: null,
      source: 'cp.case-administration-subdomain.advocate-portal',
      target: 'cp.opami-subdomain.audit-system.audit-message-broker',
      label: 'sends data to',
      relations: [
        '17owwvr',
      ],
      color: 'gray',
      line: 'dashed',
      head: 'normal',
      kind: 'audit',
      points: [
        [
          2578,
          249,
        ],
        [
          2548,
          265,
        ],
        [
          2516,
          280,
        ],
        [
          2484,
          289,
        ],
        [
          2405,
          311,
        ],
        [
          1830,
          300,
        ],
        [
          1749,
          309,
        ],
        [
          1698,
          315,
        ],
        [
          1686,
          327,
        ],
        [
          1635,
          332,
        ],
        [
          1574,
          338,
        ],
        [
          589,
          324,
        ],
        [
          530,
          340,
        ],
        [
          484,
          352,
        ],
        [
          438,
          373,
        ],
        [
          397,
          396,
        ],
      ],
      labelBBox: {
        x: -443,
        y: 311,
        width: 88,
        height: 18,
      },
      controlPoints: [
        {
          x: -881,
          y: 338,
        },
        {
          x: -336,
          y: 321,
        },
      ],
      drifts: null,
      isLabelCustomized: false,
    },
    {
      id: '19nfbwr',
      parent: null,
      source: 'cp.case-administration-subdomain.case-management-system',
      target: 'cp.opami-subdomain.audit-system.audit-message-broker',
      label: 'sends data to',
      relations: [
        '13xq1ju',
        '1yfrdqi',
        'i2me21',
        'au0t7z',
        '1nzhcy',
        'irb4f2',
        'qa2l4z',
        '1yid6po',
        '1fmin2y',
        '6urs9w',
        '1ljuh17',
      ],
      color: 'gray',
      line: 'dashed',
      head: 'normal',
      kind: 'audit',
      points: [
        [
          3461,
          249,
        ],
        [
          3433,
          266,
        ],
        [
          3401,
          280,
        ],
        [
          3370,
          289,
        ],
        [
          3242,
          326,
        ],
        [
          2308,
          293,
        ],
        [
          2176,
          309,
        ],
        [
          2132,
          315,
        ],
        [
          2122,
          327,
        ],
        [
          2078,
          332,
        ],
        [
          2035,
          337,
        ],
        [
          572,
          329,
        ],
        [
          530,
          340,
        ],
        [
          484,
          352,
        ],
        [
          438,
          373,
        ],
        [
          397,
          396,
        ],
      ],
      labelBBox: {
        x: -23,
        y: 486,
        width: 88,
        height: 18,
      },
      controlPoints: [
        {
          x: -23,
          y: 486,
        },
        {
          x: 15,
          y: 486,
        },
      ],
      drifts: null,
      isLabelCustomized: false,
    },
    {
      id: '10qfe8u',
      parent: null,
      source: 'cp.case-administration-subdomain.work-management-system',
      target: 'cp.opami-subdomain.audit-system.audit-message-broker',
      label: 'sends data to',
      relations: [
        'ksk0bq',
        '18v1fnu',
      ],
      color: 'gray',
      line: 'dashed',
      head: 'normal',
      kind: 'audit',
      points: [
        [
          3017,
          249,
        ],
        [
          2987,
          265,
        ],
        [
          2954,
          280,
        ],
        [
          2922,
          289,
        ],
        [
          2820,
          318,
        ],
        [
          2071,
          297,
        ],
        [
          1965,
          309,
        ],
        [
          1918,
          315,
        ],
        [
          1909,
          327,
        ],
        [
          1862,
          332,
        ],
        [
          1825,
          336,
        ],
        [
          566,
          331,
        ],
        [
          530,
          340,
        ],
        [
          484,
          352,
        ],
        [
          438,
          373,
        ],
        [
          397,
          396,
        ],
      ],
      labelBBox: {
        x: -212,
        y: 373,
        width: 88,
        height: 18,
      },
      controlPoints: [
        {
          x: -434,
          y: 363,
        },
        {
          x: -222,
          y: 372,
        },
      ],
      drifts: null,
      isLabelCustomized: false,
    },
    {
      id: 'xab6fo',
      parent: null,
      source: 'cp.case-ingestion-subdomain.cpci',
      target: 'cp.opami-subdomain.audit-system.audit-message-broker',
      label: 'sends data to',
      relations: [
        '1b0wawh',
      ],
      color: 'gray',
      line: 'dashed',
      head: 'normal',
      kind: 'audit',
      points: [
        [
          3921,
          249,
        ],
        [
          3886,
          266,
        ],
        [
          3849,
          280,
        ],
        [
          3812,
          289,
        ],
        [
          3658,
          327,
        ],
        [
          2541,
          289,
        ],
        [
          2384,
          309,
        ],
        [
          2341,
          315,
        ],
        [
          2332,
          327,
        ],
        [
          2289,
          332,
        ],
        [
          2240,
          338,
        ],
        [
          577,
          328,
        ],
        [
          530,
          340,
        ],
        [
          484,
          352,
        ],
        [
          438,
          373,
        ],
        [
          397,
          396,
        ],
      ],
      labelBBox: {
        x: -657,
        y: 657,
        width: 88,
        height: 18,
      },
      controlPoints: [
        {
          x: -808,
          y: 674,
        },
        {
          x: -209,
          y: 610,
        },
      ],
      drifts: null,
      isLabelCustomized: false,
    },
    {
      id: '11quq9z',
      parent: null,
      source: 'cp.case-ingestion-subdomain.cppi',
      target: 'cp.opami-subdomain.audit-system.audit-message-broker',
      label: 'sends data to',
      relations: [
        '9k093k',
      ],
      color: 'gray',
      line: 'dashed',
      head: 'normal',
      kind: 'audit',
      points: [
        [
          4429,
          249,
        ],
        [
          4396,
          266,
        ],
        [
          4360,
          280,
        ],
        [
          4324,
          289,
        ],
        [
          4231,
          313,
        ],
        [
          2686,
          297,
        ],
        [
          2590,
          309,
        ],
        [
          2548,
          315,
        ],
        [
          2539,
          327,
        ],
        [
          2497,
          332,
        ],
        [
          2443,
          339,
        ],
        [
          583,
          326,
        ],
        [
          530,
          340,
        ],
        [
          484,
          352,
        ],
        [
          438,
          373,
        ],
        [
          397,
          396,
        ],
      ],
      labelBBox: {
        x: -420,
        y: 660,
        width: 88,
        height: 18,
      },
      controlPoints: [
        {
          x: -833,
          y: 700,
        },
        {
          x: -181,
          y: 631,
        },
      ],
      drifts: null,
      isLabelCustomized: false,
    },
    {
      id: 'i1o7hp',
      parent: null,
      source: 'cp.case-ingestion-subdomain.document-ingestion-system',
      target: 'cp.opami-subdomain.audit-system.audit-message-broker',
      label: 'sends data to',
      relations: [
        '11xpiq0',
        'pro7d5',
      ],
      color: 'gray',
      line: 'dashed',
      head: 'normal',
      kind: 'audit',
      points: [
        [
          4919,
          249,
        ],
        [
          4888,
          266,
        ],
        [
          4855,
          280,
        ],
        [
          4821,
          289,
        ],
        [
          4712,
          318,
        ],
        [
          2908,
          295,
        ],
        [
          2796,
          309,
        ],
        [
          2754,
          315,
        ],
        [
          2745,
          327,
        ],
        [
          2703,
          332,
        ],
        [
          2643,
          339,
        ],
        [
          588,
          325,
        ],
        [
          530,
          340,
        ],
        [
          484,
          352,
        ],
        [
          438,
          373,
        ],
        [
          397,
          396,
        ],
      ],
      labelBBox: {
        x: -134,
        y: 702,
        width: 88,
        height: 18,
      },
      controlPoints: [
        {
          x: -422,
          y: 695,
        },
        {
          x: 105,
          y: 679,
        },
      ],
      drifts: null,
      isLabelCustomized: false,
    },
    {
      id: '1693kyv',
      parent: null,
      source: 'cp.case-ingestion-subdomain.spi',
      target: 'cp.opami-subdomain.audit-system.audit-message-broker',
      label: 'sends data to',
      relations: [
        'zbfoy4',
      ],
      color: 'gray',
      line: 'dashed',
      head: 'normal',
      kind: 'audit',
      points: [
        [
          5384,
          249,
        ],
        [
          5353,
          266,
        ],
        [
          5319,
          280,
        ],
        [
          5285,
          289,
        ],
        [
          5162,
          321,
        ],
        [
          3127,
          293,
        ],
        [
          3001,
          309,
        ],
        [
          2959,
          314,
        ],
        [
          2951,
          327,
        ],
        [
          2909,
          332,
        ],
        [
          2843,
          340,
        ],
        [
          594,
          323,
        ],
        [
          530,
          340,
        ],
        [
          484,
          352,
        ],
        [
          438,
          373,
        ],
        [
          397,
          396,
        ],
      ],
      labelBBox: {
        x: 132,
        y: 761,
        width: 88,
        height: 18,
      },
      controlPoints: [
        {
          x: 76,
          y: 788,
        },
        {
          x: 176,
          y: 722,
        },
      ],
      drifts: null,
      isLabelCustomized: false,
    },
    {
      id: '1r342uk',
      parent: null,
      source: 'cp.dlrm-subdomain.legacy-case-migration-system',
      target: 'cp.opami-subdomain.audit-system.audit-message-broker',
      label: 'sends data to',
      relations: [
        '1jwwtlz',
        '1kv4df9',
      ],
      color: 'gray',
      line: 'dashed',
      head: 'normal',
      kind: 'audit',
      points: [
        [
          5859,
          249,
        ],
        [
          5830,
          266,
        ],
        [
          5797,
          280,
        ],
        [
          5765,
          289,
        ],
        [
          5628,
          327,
        ],
        [
          3347,
          291,
        ],
        [
          3206,
          309,
        ],
        [
          3164,
          314,
        ],
        [
          3156,
          327,
        ],
        [
          3114,
          332,
        ],
        [
          3078,
          336,
        ],
        [
          565,
          331,
        ],
        [
          530,
          340,
        ],
        [
          484,
          352,
        ],
        [
          438,
          373,
        ],
        [
          397,
          396,
        ],
      ],
      labelBBox: {
        x: 779,
        y: 274,
        width: 88,
        height: 18,
      },
      controlPoints: [
        {
          x: 861,
          y: 257,
        },
        {
          x: 684,
          y: 298,
        },
      ],
      drifts: null,
      isLabelCustomized: false,
    },
    {
      id: 'i7q9xn',
      parent: null,
      source: 'cp.shared-components-subdomain.users-and-groups-system',
      target: 'cp.opami-subdomain.audit-system.audit-message-broker',
      label: 'sends data to',
      relations: [
        'isndtv',
        'ruh9hg',
      ],
      color: 'gray',
      line: 'dashed',
      head: 'normal',
      kind: 'audit',
      points: [
        [
          6756,
          249,
        ],
        [
          6726,
          266,
        ],
        [
          6693,
          280,
        ],
        [
          6661,
          289,
        ],
        [
          6587,
          310,
        ],
        [
          5362,
          305,
        ],
        [
          5286,
          309,
        ],
        [
          5183,
          315,
        ],
        [
          5157,
          327,
        ],
        [
          5054,
          332,
        ],
        [
          5023,
          334,
        ],
        [
          560,
          332,
        ],
        [
          530,
          340,
        ],
        [
          484,
          352,
        ],
        [
          438,
          373,
        ],
        [
          397,
          396,
        ],
      ],
      labelBBox: {
        x: 868,
        y: 640,
        width: 88,
        height: 18,
      },
      controlPoints: [
        {
          x: 868,
          y: 640,
        },
        {
          x: 720,
          y: 604,
        },
      ],
      drifts: null,
      isLabelCustomized: false,
    },
    {
      id: 'zuxjaw',
      parent: null,
      source: 'cp.shared-components-subdomain.reference-data-system',
      target: 'cp.opami-subdomain.audit-system.audit-message-broker',
      label: 'sends data to',
      relations: [
        '6zzwku',
        '1f0d72s',
        '19ys3sh',
      ],
      color: 'gray',
      line: 'dashed',
      head: 'normal',
      kind: 'audit',
      points: [
        [
          6308,
          249,
        ],
        [
          6277,
          266,
        ],
        [
          6244,
          280,
        ],
        [
          6211,
          289,
        ],
        [
          6192,
          294,
        ],
        [
          3339,
          332,
        ],
        [
          3319,
          332,
        ],
        [
          3280,
          332,
        ],
        [
          568,
          330,
        ],
        [
          530,
          340,
        ],
        [
          484,
          352,
        ],
        [
          438,
          373,
        ],
        [
          397,
          396,
        ],
      ],
      labelBBox: {
        x: 795,
        y: 365,
        width: 88,
        height: 18,
      },
      controlPoints: [
        {
          x: 891,
          y: 373,
        },
        {
          x: 722,
          y: 368,
        },
      ],
      drifts: null,
      isLabelCustomized: false,
    },
    {
      id: 'z8672z',
      parent: 'cp.opami-subdomain.audit-system',
      source: 'cp.opami-subdomain.audit-system.audit-message-broker',
      target: 'cp.opami-subdomain.audit-system.audit2dls-service',
      label: 'delivers audit events via JMS to',
      relations: [
        'swncjt',
      ],
      color: 'gray',
      line: 'dashed',
      head: 'normal',
      points: [
        [
          258,
          581,
        ],
        [
          258,
          705,
        ],
        [
          258,
          928,
        ],
        [
          258,
          1057,
        ],
      ],
      labelBBox: {
        x: 259,
        y: 802,
        width: 201,
        height: 18,
      },
      drifts: null,
      isLabelCustomized: false,
      controlPoints: null,
    },
    {
      id: 'k1jedl',
      parent: 'cp.opami-subdomain.audit-system',
      source: 'cp.opami-subdomain.audit-system.audit2dls-service',
      target: 'cp.opami-subdomain.audit-system.audit-blob-storage',
      label: 'writes audit JSON files to',
      relations: [
        'xcowl6',
      ],
      color: 'gray',
      line: 'dashed',
      head: 'normal',
      points: [
        [
          215,
          1247,
        ],
        [
          208,
          1274,
        ],
        [
          204,
          1303,
        ],
        [
          212,
          1330,
        ],
        [
          217,
          1347,
        ],
        [
          224,
          1364,
        ],
        [
          233,
          1380,
        ],
      ],
      labelBBox: {
        x: 213,
        y: 1307,
        width: 160,
        height: 18,
      },
      drifts: null,
      isLabelCustomized: false,
      controlPoints: null,
    },
    {
      id: 'takv9u',
      parent: 'cp.opami-subdomain.audit-system',
      source: 'cp.opami-subdomain.audit-system.fabric-data-pipeline',
      target: 'cp.opami-subdomain.audit-system.audit-blob-storage',
      label: 'reads audit JSON files from',
      relations: [
        '1inuf2b',
      ],
      color: 'gray',
      line: 'dashed',
      head: 'normal',
      points: [
        [
          623,
          1247,
        ],
        [
          563,
          1290,
        ],
        [
          492,
          1342,
        ],
        [
          432,
          1386,
        ],
      ],
      labelBBox: {
        x: 539,
        y: 1307,
        width: 175,
        height: 18,
      },
      drifts: null,
      isLabelCustomized: false,
      controlPoints: null,
    },
    {
      id: 'rasi1e',
      parent: 'cp.opami-subdomain.audit-system',
      source: 'cp.opami-subdomain.audit-system.fabric-data-pipeline',
      target: 'cp.opami-subdomain.audit-system.fabric-lakehouse',
      label: 'writes processed audit data to',
      relations: [
        'w002wy',
      ],
      color: 'gray',
      line: 'dashed',
      head: 'normal',
      points: [
        [
          761,
          1247,
        ],
        [
          768,
          1288,
        ],
        [
          777,
          1337,
        ],
        [
          785,
          1379,
        ],
      ],
      labelBBox: {
        x: 777,
        y: 1307,
        width: 190,
        height: 18,
      },
      drifts: null,
      isLabelCustomized: false,
      controlPoints: null,
    },
    {
      id: '11a2bm0',
      parent: 'cp.opami-subdomain.audit-system',
      source: 'cp.opami-subdomain.audit-system.audit-reports-service',
      target: 'cp.opami-subdomain.audit-system.fabric-data-pipeline',
      label: 'triggers report generation via',
      relations: [
        '1ye0ji7',
      ],
      color: 'gray',
      line: 'dashed',
      head: 'normal',
      technology: 'JSON/HTTPS (Fabric REST API)',
      points: [
        [
          745,
          904,
        ],
        [
          745,
          951,
        ],
        [
          745,
          1008,
        ],
        [
          745,
          1057,
        ],
      ],
      labelBBox: {
        x: 746,
        y: 964,
        width: 195,
        height: 39,
      },
      drifts: null,
      isLabelCustomized: false,
      controlPoints: null,
    },
    {
      id: 'd1dzzf',
      parent: 'cp.opami-subdomain.audit-system',
      source: 'cp.opami-subdomain.audit-system.audit-reports-ui',
      target: 'cp.opami-subdomain.audit-system.audit-reports-service',
      label: 'searches and retrieves audit data using',
      relations: [
        'ah5n7j',
      ],
      color: 'gray',
      line: 'dashed',
      head: 'normal',
      points: [
        [
          745,
          581,
        ],
        [
          745,
          622,
        ],
        [
          745,
          671,
        ],
        [
          745,
          714,
        ],
      ],
      labelBBox: {
        x: 746,
        y: 641,
        width: 248,
        height: 18,
      },
      drifts: null,
      isLabelCustomized: false,
      controlPoints: null,
    },
  ],
  _layout: 'manual',
}
