{
  _type: 'element',
  tags: null,
  links: null,
  viewOf: 'cp.opami-subdomain.audit-system',
  _stage: 'layouted',
  sourcePath: 'src/subdomain-opami/model.views.opami.c4',
  description: null,
  title: 'OPAMI / Audit System / [System Context] Audit System',
  id: 'audit-system-context',
  autoLayout: {
    direction: 'TB',
  },
  notation: {
    nodes: [
      {
        title: 'Product',
        shape: 'rectangle',
        color: 'secondary',
        kinds: [
          'product',
        ],
      },
      {
        title: 'Product',
        shape: 'rectangle',
        color: 'primary',
        kinds: [
          'product',
        ],
      },
      {
        title: 'Subdomain',
        shape: 'rectangle',
        color: 'pale-purple',
        kinds: [
          'subdomain',
        ],
      },
      {
        title: 'Subdomain',
        shape: 'rectangle',
        color: 'pale-green',
        kinds: [
          'subdomain',
        ],
      },
      {
        title: 'Subdomain',
        shape: 'rectangle',
        color: 'pale-yellow',
        kinds: [
          'subdomain',
        ],
      },
      {
        title: 'Subdomain',
        shape: 'rectangle',
        color: 'pale-blue',
        kinds: [
          'subdomain',
        ],
      },
      {
        title: 'Subdomain',
        shape: 'rectangle',
        color: 'pale-grey',
        kinds: [
          'subdomain',
        ],
      },
      {
        title: 'Subdomain',
        shape: 'rectangle',
        color: 'pale-red',
        kinds: [
          'subdomain',
        ],
      },
    ],
  },
  hash: '7tZEhnhqFM7rlTiuoSN_VYK6Tlou2wHkp-3ALYMU3G0',
  bounds: {
    x: 1412,
    y: -459,
    width: 2336,
    height: 1449,
  },
  nodes: [
    {
      id: 'cp.court-hearings-subdomain',
      parent: null,
      level: 0,
      children: [
        'cp.court-hearings-subdomain.hearing-system',
        'cp.court-hearings-subdomain.results-distribution-system',
      ],
      inEdges: [],
      outEdges: [
        '1pezmf0',
        'v3fvjj',
      ],
      title: 'Court Hearings',
      modelRef: 'cp.court-hearings-subdomain',
      shape: 'rectangle',
      color: 'pale-purple',
      style: {
        opacity: 20,
        size: 'md',
      },
      tags: [],
      notation: 'Subdomain',
      technology: 'Subdomain',
      kind: 'subdomain',
      depth: 1,
      navigateTo: '__cp_court-hearings-subdomain',
      x: 2388,
      y: 680,
      width: 801,
      height: 290,
      labelBBox: {
        x: 6,
        y: 0,
        width: 104,
        height: 15,
      },
      links: null,
    },
    {
      id: 'cp.scheduling-and-listing-subdomain',
      parent: null,
      level: 0,
      children: [
        'cp.scheduling-and-listing-subdomain.scheduling-and-listing-system',
      ],
      inEdges: [],
      outEdges: [
        'ht78rh',
      ],
      title: 'Scheduling and Listing',
      modelRef: 'cp.scheduling-and-listing-subdomain',
      shape: 'rectangle',
      color: 'pale-green',
      style: {
        opacity: 20,
        size: 'md',
      },
      tags: [],
      notation: 'Subdomain',
      technology: 'Subdomain',
      kind: 'subdomain',
      depth: 1,
      navigateTo: '__cp_scheduling-and-listing-subdomain',
      x: 1814,
      y: -38,
      width: 445,
      height: 282,
      labelBBox: {
        x: 6,
        y: 0,
        width: 150,
        height: 15,
      },
      links: null,
    },
    {
      id: 'cp.case-administration-subdomain',
      parent: null,
      level: 0,
      children: [
        'cp.case-administration-subdomain.advocate-portal',
        'cp.case-administration-subdomain.work-management-system',
        'cp.case-administration-subdomain.case-management-system',
      ],
      inEdges: [
        'ya9mo0',
      ],
      outEdges: [
        'kszopg',
        '1g6jczk',
        '1i6f7qt',
      ],
      title: 'Case Administration',
      modelRef: 'cp.case-administration-subdomain',
      shape: 'rectangle',
      color: 'pale-yellow',
      style: {
        opacity: 20,
        size: 'md',
      },
      tags: [],
      notation: 'Subdomain',
      technology: 'Subdomain',
      kind: 'subdomain',
      depth: 1,
      navigateTo: '__cp_case-administration-subdomain',
      x: 1432,
      y: 300,
      width: 1267,
      height: 296,
      labelBBox: {
        x: 6,
        y: 0,
        width: 133,
        height: 15,
      },
      links: null,
    },
    {
      id: 'cp.case-administration-subdomain.advocate-portal',
      parent: 'cp.case-administration-subdomain',
      level: 1,
      children: [],
      inEdges: [],
      outEdges: [
        'kszopg',
      ],
      title: 'Advocate Portal',
      modelRef: 'cp.case-administration-subdomain.advocate-portal',
      shape: 'rectangle',
      color: 'secondary',
      style: {
        opacity: 20,
        size: 'md',
      },
      description: {
        txt: 'Provides access to cases for defence advocates',
      },
      tags: [],
      notation: 'Product',
      technology: 'Product',
      kind: 'product',
      navigateTo: 'advocate-portal-system-context',
      x: 1474,
      y: 374,
      width: 320,
      height: 180,
      labelBBox: {
        x: 34,
        y: 44,
        width: 252,
        height: 86,
      },
      links: null,
    },
    {
      id: 'cp.case-administration-subdomain.work-management-system',
      parent: 'cp.case-administration-subdomain',
      level: 1,
      children: [],
      inEdges: [],
      outEdges: [
        '1i6f7qt',
      ],
      title: 'Work Management System',
      modelRef: 'cp.case-administration-subdomain.work-management-system',
      shape: 'rectangle',
      color: 'secondary',
      style: {
        opacity: 20,
        size: 'md',
      },
      description: {
        txt: 'Manages work queues for case activity tasks',
      },
      tags: [],
      notation: 'Product',
      technology: 'Product',
      kind: 'product',
      navigateTo: 'work-management-system-context',
      x: 2320,
      y: 360,
      width: 337,
      height: 180,
      labelBBox: {
        x: 18,
        y: 53,
        width: 302,
        height: 68,
      },
      links: null,
    },
    {
      id: 'cp.case-ingestion-subdomain',
      parent: null,
      level: 0,
      children: [
        'cp.case-ingestion-subdomain.cpci',
        'cp.case-ingestion-subdomain.cppi',
        'cp.case-ingestion-subdomain.document-ingestion-system',
        'cp.case-ingestion-subdomain.spi',
      ],
      inEdges: [],
      outEdges: [
        '11hihmn',
        'z895l8',
        '11y9q3q',
        'uttb1o',
      ],
      title: 'Case and Material Ingestion',
      modelRef: 'cp.case-ingestion-subdomain',
      shape: 'rectangle',
      color: 'pale-blue',
      style: {
        opacity: 20,
        size: 'md',
      },
      tags: [],
      notation: 'Subdomain',
      technology: 'Subdomain',
      kind: 'subdomain',
      depth: 1,
      navigateTo: '__cp_case-ingestion-subdomain',
      x: 3250,
      y: -138,
      width: 478,
      height: 1001,
      labelBBox: {
        x: 6,
        y: 0,
        width: 185,
        height: 15,
      },
      links: null,
    },
    {
      id: 'cp.dlrm-subdomain',
      parent: null,
      level: 0,
      children: [
        'cp.dlrm-subdomain.legacy-case-migration-system',
      ],
      inEdges: [],
      outEdges: [
        '17gknbb',
      ],
      title: 'Decommissioning and Legacy Risk Mitigation (DLRM)',
      modelRef: 'cp.dlrm-subdomain',
      shape: 'rectangle',
      color: 'pale-grey',
      style: {
        opacity: 20,
        size: 'md',
      },
      tags: [],
      notation: 'Subdomain',
      technology: 'Subdomain',
      kind: 'subdomain',
      depth: 1,
      navigateTo: '__cp_dlrm-subdomain',
      x: 2317,
      y: -60,
      width: 416,
      height: 282,
      labelBBox: {
        x: 6,
        y: 0,
        width: 326,
        height: 15,
      },
      links: null,
    },
    {
      id: 'cp.shared-components-subdomain',
      parent: null,
      level: 0,
      children: [
        'cp.shared-components-subdomain.reference-data-system',
        'cp.shared-components-subdomain.users-and-groups-system',
      ],
      inEdges: [
        '13hgoww',
      ],
      outEdges: [
        '1w8aog0',
        'tvruoj',
      ],
      title: 'Shared Components',
      modelRef: 'cp.shared-components-subdomain',
      shape: 'rectangle',
      color: 'pale-grey',
      style: {
        opacity: 20,
        size: 'md',
      },
      tags: [],
      notation: 'Subdomain',
      technology: 'Subdomain',
      kind: 'subdomain',
      depth: 1,
      navigateTo: '__cp_shared-components-subdomain',
      x: 2314,
      y: -439,
      width: 862,
      height: 284,
      labelBBox: {
        x: 6,
        y: 0,
        width: 132,
        height: 15,
      },
      links: null,
    },
    {
      id: 'cp.shared-components-subdomain.reference-data-system',
      parent: 'cp.shared-components-subdomain',
      level: 1,
      children: [],
      inEdges: [],
      outEdges: [
        'tvruoj',
      ],
      title: 'Reference Data System',
      modelRef: 'cp.shared-components-subdomain.reference-data-system',
      shape: 'rectangle',
      color: 'secondary',
      style: {
        opacity: 20,
        size: 'md',
      },
      description: {
        txt: 'Holds reference data used by the rest of the common platform',
      },
      tags: [],
      notation: 'Product',
      technology: 'Product',
      kind: 'product',
      navigateTo: 'reference-data-system-context',
      x: 2803,
      y: -377,
      width: 331,
      height: 180,
      labelBBox: {
        x: 18,
        y: 44,
        width: 296,
        height: 86,
      },
      links: null,
    },
    {
      id: 'cp.court-hearings-subdomain.hearing-system',
      parent: 'cp.court-hearings-subdomain',
      level: 1,
      children: [],
      inEdges: [],
      outEdges: [
        '1pezmf0',
      ],
      title: 'Hearing System',
      modelRef: 'cp.court-hearings-subdomain.hearing-system',
      shape: 'rectangle',
      color: 'secondary',
      style: {
        opacity: 20,
        size: 'md',
      },
      description: {
        txt: 'Manages the lifecycle of hearings and records what happens in them',
      },
      tags: [],
      notation: 'Product',
      technology: 'Product',
      kind: 'product',
      navigateTo: 'hearing-system-context',
      x: 2430,
      y: 748,
      width: 346,
      height: 180,
      labelBBox: {
        x: 18,
        y: 44,
        width: 310,
        height: 86,
      },
      links: null,
    },
    {
      id: 'cp.court-hearings-subdomain.results-distribution-system',
      parent: 'cp.court-hearings-subdomain',
      level: 1,
      children: [],
      inEdges: [],
      outEdges: [
        'v3fvjj',
      ],
      title: 'Results Distribution System',
      modelRef: 'cp.court-hearings-subdomain.results-distribution-system',
      shape: 'rectangle',
      color: 'secondary',
      style: {
        opacity: 20,
        size: 'md',
      },
      description: {
        txt: 'Distributes the results of hearings to third parties',
      },
      tags: [],
      notation: 'Product',
      technology: 'Product',
      kind: 'product',
      navigateTo: 'results-distribution-system-context',
      x: 2827,
      y: 740,
      width: 320,
      height: 180,
      labelBBox: {
        x: 22,
        y: 44,
        width: 277,
        height: 86,
      },
      links: null,
    },
    {
      id: 'cp.scheduling-and-listing-subdomain.scheduling-and-listing-system',
      parent: 'cp.scheduling-and-listing-subdomain',
      level: 1,
      children: [],
      inEdges: [],
      outEdges: [
        'ht78rh',
      ],
      title: 'Scheduling and Listing System',
      modelRef: 'cp.scheduling-and-listing-subdomain.scheduling-and-listing-system',
      shape: 'rectangle',
      color: 'secondary',
      style: {
        opacity: 20,
        size: 'md',
      },
      description: {
        txt: 'Allows management of court schedules, booking of hearings and the publication of listings',
      },
      tags: [],
      notation: 'Product',
      technology: 'Product',
      kind: 'product',
      navigateTo: 'scheduling-and-listing-system-context',
      x: 1856,
      y: 22,
      width: 361,
      height: 180,
      labelBBox: {
        x: 18,
        y: 44,
        width: 326,
        height: 86,
      },
      links: null,
    },
    {
      id: 'cp.case-ingestion-subdomain.cpci',
      parent: 'cp.case-ingestion-subdomain',
      level: 1,
      children: [],
      inEdges: [],
      outEdges: [
        '11hihmn',
      ],
      title: 'Common Platform Civil Interface (CPCI)',
      modelRef: 'cp.case-ingestion-subdomain.cpci',
      shape: 'rectangle',
      color: 'secondary',
      style: {
        opacity: 20,
        size: 'md',
      },
      description: {
        txt: 'Enables civil cases to be submitted to the courts',
      },
      tags: [],
      notation: 'Product',
      technology: 'Product',
      kind: 'product',
      navigateTo: 'cpci-system-context',
      x: 3292,
      y: 183,
      width: 394,
      height: 180,
      labelBBox: {
        x: 18,
        y: 44,
        width: 359,
        height: 86,
      },
      links: null,
    },
    {
      id: 'cp.case-ingestion-subdomain.cppi',
      parent: 'cp.case-ingestion-subdomain',
      level: 1,
      children: [],
      inEdges: [],
      outEdges: [
        'z895l8',
      ],
      title: 'Common Platform Prosecutor Interface (CPPI)',
      modelRef: 'cp.case-ingestion-subdomain.cppi',
      shape: 'rectangle',
      color: 'secondary',
      style: {
        opacity: 20,
        size: 'md',
      },
      description: {
        txt: 'Enables cases and materials to submitted to the courts by non-police prosecutors',
      },
      tags: [],
      notation: 'Product',
      technology: 'Product',
      kind: 'product',
      navigateTo: 'cppi-system-context',
      x: 3296,
      y: -78,
      width: 386,
      height: 180,
      labelBBox: {
        x: 18,
        y: 32,
        width: 351,
        height: 110,
      },
      links: null,
    },
    {
      id: 'cp.case-ingestion-subdomain.document-ingestion-system',
      parent: 'cp.case-ingestion-subdomain',
      level: 1,
      children: [],
      inEdges: [],
      outEdges: [
        '11y9q3q',
      ],
      title: 'Document Ingestion System',
      modelRef: 'cp.case-ingestion-subdomain.document-ingestion-system',
      shape: 'rectangle',
      color: 'secondary',
      style: {
        opacity: 20,
        size: 'md',
      },
      description: {
        txt: 'Manages the ingestion of prosecution documents and bulk scanned materials into the Common Platform',
      },
      tags: [],
      notation: 'Product',
      technology: 'Product',
      kind: 'product',
      navigateTo: 'document-ingestion-system-context',
      x: 3312,
      y: 414,
      width: 353,
      height: 180,
      labelBBox: {
        x: 18,
        y: 35,
        width: 318,
        height: 104,
      },
      links: null,
    },
    {
      id: 'cp.case-ingestion-subdomain.spi',
      parent: 'cp.case-ingestion-subdomain',
      level: 1,
      children: [],
      inEdges: [],
      outEdges: [
        'uttb1o',
      ],
      title: 'Standard Prosecutor Interface (SPI)',
      modelRef: 'cp.case-ingestion-subdomain.spi',
      shape: 'rectangle',
      color: 'secondary',
      style: {
        opacity: 20,
        size: 'md',
      },
      description: {
        txt: 'Implements the SPI interface to receive police cases',
      },
      tags: [],
      notation: 'Product',
      technology: 'Product',
      kind: 'product',
      navigateTo: 'spi-system-context',
      x: 3310,
      y: 641,
      width: 358,
      height: 180,
      labelBBox: {
        x: 18,
        y: 44,
        width: 322,
        height: 86,
      },
      links: null,
    },
    {
      id: 'cp.dlrm-subdomain.legacy-case-migration-system',
      parent: 'cp.dlrm-subdomain',
      level: 1,
      children: [],
      inEdges: [],
      outEdges: [
        '17gknbb',
      ],
      title: 'Legacy Case Migration System',
      modelRef: 'cp.dlrm-subdomain.legacy-case-migration-system',
      shape: 'rectangle',
      color: 'secondary',
      style: {
        opacity: 20,
        size: 'md',
      },
      description: {
        txt: 'Supports the migration of cases from legacy systems as part of the DLRM programme',
      },
      tags: [],
      notation: 'Product',
      technology: 'Product',
      kind: 'product',
      navigateTo: 'legacy-case-migration-system-context',
      x: 2359,
      y: 0,
      width: 332,
      height: 180,
      labelBBox: {
        x: 18,
        y: 44,
        width: 297,
        height: 86,
      },
      links: null,
    },
    {
      id: 'cp.opami-subdomain',
      parent: null,
      level: 0,
      children: [
        'cp.opami-subdomain.management-information-system',
        'cp.opami-subdomain.audit-system',
      ],
      inEdges: [
        '1pezmf0',
        'v3fvjj',
        'ht78rh',
        'kszopg',
        '1g6jczk',
        '1i6f7qt',
        '11hihmn',
        'z895l8',
        '11y9q3q',
        'uttb1o',
        '17gknbb',
        '1w8aog0',
        'tvruoj',
      ],
      outEdges: [
        'ya9mo0',
        '13hgoww',
      ],
      title: 'Operational and Management Information',
      modelRef: 'cp.opami-subdomain',
      shape: 'rectangle',
      color: 'pale-red',
      style: {
        opacity: 20,
        size: 'md',
      },
      tags: [],
      notation: 'Subdomain',
      technology: 'Subdomain',
      kind: 'subdomain',
      depth: 1,
      navigateTo: '__cp_opami-subdomain',
      x: 2793,
      y: 179,
      width: 425,
      height: 519,
      labelBBox: {
        x: 6,
        y: 0,
        width: 275,
        height: 15,
      },
      links: null,
    },
    {
      id: 'cp.opami-subdomain.management-information-system',
      parent: 'cp.opami-subdomain',
      level: 1,
      children: [],
      inEdges: [],
      outEdges: [
        'yu7g1h',
      ],
      title: 'Management Information System',
      modelRef: 'cp.opami-subdomain.management-information-system',
      shape: 'rectangle',
      color: 'primary',
      style: {
        opacity: 20,
        size: 'md',
      },
      description: {
        txt: 'Listens to events from major services and creates a standard SQL model of CP data for operational reports and statistics',
      },
      tags: [],
      notation: 'Product',
      technology: 'Product',
      kind: 'product',
      navigateTo: 'management-information-system-context',
      x: 2836,
      y: 476,
      width: 340,
      height: 180,
      labelBBox: {
        x: 18,
        y: 35,
        width: 304,
        height: 104,
      },
      links: null,
    },
    {
      id: 'cp.opami-subdomain.audit-system',
      parent: 'cp.opami-subdomain',
      level: 1,
      children: [],
      inEdges: [
        'yu7g1h',
        '1pezmf0',
        'v3fvjj',
        'ht78rh',
        'kszopg',
        '1g6jczk',
        '1i6f7qt',
        '11hihmn',
        'z895l8',
        '11y9q3q',
        'uttb1o',
        '17gknbb',
        '1w8aog0',
        'tvruoj',
      ],
      outEdges: [
        'ya9mo0',
        '13hgoww',
      ],
      title: 'Audit System',
      modelRef: 'cp.opami-subdomain.audit-system',
      shape: 'rectangle',
      color: 'primary',
      style: {
        opacity: 20,
        size: 'md',
      },
      description: {
        txt: 'Stores audit logs and enables querying of audit data for forensic audit purposes',
      },
      tags: [],
      notation: 'Product',
      technology: 'Product',
      kind: 'product',
      navigateTo: 'audit-system-container-view',
      x: 2835,
      y: 239,
      width: 320,
      height: 180,
      labelBBox: {
        x: 20,
        y: 44,
        width: 280,
        height: 86,
      },
      links: null,
    },
    {
      id: 'cp.case-administration-subdomain.case-management-system',
      parent: 'cp.case-administration-subdomain',
      level: 1,
      children: [],
      inEdges: [
        'ya9mo0',
      ],
      outEdges: [
        '1g6jczk',
      ],
      title: 'Case Management System',
      modelRef: 'cp.case-administration-subdomain.case-management-system',
      shape: 'rectangle',
      color: 'secondary',
      style: {
        opacity: 20,
        size: 'md',
      },
      description: {
        txt: 'Manages cases',
      },
      tags: [],
      notation: 'Product',
      technology: 'Product',
      kind: 'product',
      navigateTo: 'case-management-system-context',
      x: 1900,
      y: 360,
      width: 320,
      height: 180,
      labelBBox: {
        x: 37,
        y: 53,
        width: 245,
        height: 68,
      },
      links: null,
    },
    {
      id: 'cp.shared-components-subdomain.users-and-groups-system',
      parent: 'cp.shared-components-subdomain',
      level: 1,
      children: [],
      inEdges: [
        '13hgoww',
      ],
      outEdges: [
        '1w8aog0',
      ],
      title: 'Users and Groups System',
      modelRef: 'cp.shared-components-subdomain.users-and-groups-system',
      shape: 'rectangle',
      color: 'secondary',
      style: {
        opacity: 20,
        size: 'md',
      },
      description: {
        txt: 'Manages users, groups, organisations, roles and permissions',
      },
      tags: [],
      notation: 'Product',
      technology: 'Product',
      kind: 'product',
      navigateTo: 'users-and-groups-system-context',
      x: 2356,
      y: -379,
      width: 335,
      height: 180,
      labelBBox: {
        x: 18,
        y: 44,
        width: 299,
        height: 86,
      },
      links: null,
    },
  ],
  edges: [
    {
      id: 'ya9mo0',
      source: 'cp.opami-subdomain.audit-system',
      target: 'cp.case-administration-subdomain.case-management-system',
      label: 'resolves material IDs to cases using',
      points: [
        [
          2858,
          406,
        ],
        [
          2815,
          383,
        ],
        [
          2770,
          357,
        ],
        [
          2728,
          332,
        ],
        [
          2688,
          308,
        ],
        [
          2645,
          281,
        ],
        [
          2607,
          255,
        ],
      ],
      labelBBox: {
        x: 2460,
        y: 601,
        width: 228,
        height: 18,
      },
      parent: null,
      relations: [
        '1r6wx30',
      ],
      color: 'gray',
      line: 'dashed',
      head: 'normal',
      controlPoints: [
        {
          x: 2665,
          y: 554,
        },
        {
          x: 2069,
          y: 577,
        },
      ],
      navigateTo: null,
      tags: null,
    },
    {
      id: '13hgoww',
      source: 'cp.opami-subdomain.audit-system',
      target: 'cp.shared-components-subdomain.users-and-groups-system',
      label: 'searches users by IDs and emails using',
      points: [
        [
          3178,
          485,
        ],
        [
          3697,
          469,
        ],
        [
          5317,
          413,
        ],
        [
          5538,
          332,
        ],
        [
          5584,
          315,
        ],
        [
          5629,
          285,
        ],
        [
          5667,
          255,
        ],
      ],
      labelBBox: {
        x: 2813,
        y: -9,
        width: 251,
        height: 18,
      },
      parent: null,
      relations: [
        '1552bh9',
      ],
      color: 'gray',
      line: 'dashed',
      head: 'normal',
      controlPoints: [
        {
          x: 2728,
          y: -124,
        },
        {
          x: 2675,
          y: -146,
        },
      ],
      navigateTo: null,
      tags: null,
    },
    {
      id: 'yu7g1h',
      source: 'cp.opami-subdomain.management-information-system',
      target: 'cp.opami-subdomain.audit-system',
      label: 'sends data to',
      points: [
        [
          2658,
          491,
        ],
        [
          2719,
          491,
        ],
        [
          2787,
          491,
        ],
        [
          2848,
          491,
        ],
      ],
      labelBBox: {
        x: 3001,
        y: 453,
        width: 88,
        height: 18,
      },
      parent: 'cp.opami-subdomain',
      relations: [
        '1jdsnwi',
        'a3j3ab',
      ],
      color: 'gray',
      line: 'dashed',
      head: 'normal',
      kind: 'audit',
      controlPoints: [
        {
          x: 3001,
          y: 453,
        },
        {
          x: 3000,
          y: 442,
        },
      ],
      navigateTo: null,
      tags: null,
    },
    {
      id: '1pezmf0',
      source: 'cp.court-hearings-subdomain.hearing-system',
      target: 'cp.opami-subdomain.audit-system',
      label: 'sends data to',
      points: [
        [
          357,
          249,
        ],
        [
          387,
          265,
        ],
        [
          418,
          279,
        ],
        [
          449,
          289,
        ],
        [
          615,
          343,
        ],
        [
          665,
          322,
        ],
        [
          840,
          332,
        ],
        [
          892,
          335,
        ],
        [
          2662,
          328,
        ],
        [
          2713,
          340,
        ],
        [
          2764,
          352,
        ],
        [
          2816,
          374,
        ],
        [
          2862,
          397,
        ],
      ],
      labelBBox: {
        x: 2721,
        y: 558,
        width: 88,
        height: 18,
      },
      parent: null,
      relations: [
        'nt8y38',
        'mby80y',
        'db687r',
      ],
      color: 'gray',
      line: 'dashed',
      head: 'normal',
      kind: 'audit',
      controlPoints: [
        {
          x: 2653,
          y: 666,
        },
        {
          x: 2733,
          y: 544,
        },
      ],
      navigateTo: null,
      tags: null,
    },
    {
      id: 'v3fvjj',
      source: 'cp.court-hearings-subdomain.results-distribution-system',
      target: 'cp.opami-subdomain.audit-system',
      label: 'sends data to',
      points: [
        [
          797,
          249,
        ],
        [
          826,
          265,
        ],
        [
          856,
          279,
        ],
        [
          887,
          289,
        ],
        [
          1071,
          348,
        ],
        [
          1126,
          322,
        ],
        [
          1319,
          332,
        ],
        [
          1358,
          334,
        ],
        [
          2675,
          331,
        ],
        [
          2713,
          340,
        ],
        [
          2764,
          352,
        ],
        [
          2816,
          374,
        ],
        [
          2862,
          397,
        ],
      ],
      labelBBox: {
        x: 2806,
        y: 576,
        width: 88,
        height: 18,
      },
      parent: null,
      relations: [
        '16o3cw',
        'uwd8y',
        '1ae64mj',
        'oylmkr',
      ],
      color: 'gray',
      line: 'dashed',
      head: 'normal',
      kind: 'audit',
      controlPoints: [
        {
          x: 2829,
          y: 682,
        },
        {
          x: 2820,
          y: 484,
        },
      ],
      navigateTo: null,
      tags: null,
    },
    {
      id: 'ht78rh',
      source: 'cp.scheduling-and-listing-subdomain.scheduling-and-listing-system',
      target: 'cp.opami-subdomain.audit-system',
      label: 'sends data to',
      points: [
        [
          1268,
          249,
        ],
        [
          1299,
          265,
        ],
        [
          1331,
          279,
        ],
        [
          1363,
          289,
        ],
        [
          1532,
          342,
        ],
        [
          1582,
          322,
        ],
        [
          1759,
          332,
        ],
        [
          1812,
          335,
        ],
        [
          2661,
          328,
        ],
        [
          2713,
          340,
        ],
        [
          2764,
          352,
        ],
        [
          2816,
          374,
        ],
        [
          2862,
          397,
        ],
      ],
      labelBBox: {
        x: 2522,
        y: 240,
        width: 88,
        height: 18,
      },
      parent: null,
      relations: [
        '1529mol',
        '172pb6c',
        'kc9dzl',
        '154ksne',
      ],
      color: 'gray',
      line: 'dashed',
      head: 'normal',
      kind: 'audit',
      controlPoints: [
        {
          x: 2446,
          y: 237,
        },
        {
          x: 2590,
          y: 241,
        },
      ],
      navigateTo: null,
      tags: null,
    },
    {
      id: 'kszopg',
      source: 'cp.case-administration-subdomain.advocate-portal',
      target: 'cp.opami-subdomain.audit-system',
      label: 'sends data to',
      points: [
        [
          1718,
          249,
        ],
        [
          1746,
          265,
        ],
        [
          1776,
          279,
        ],
        [
          1805,
          289,
        ],
        [
          1969,
          345,
        ],
        [
          2020,
          321,
        ],
        [
          2193,
          332,
        ],
        [
          2251,
          336,
        ],
        [
          2657,
          326,
        ],
        [
          2713,
          340,
        ],
        [
          2763,
          352,
        ],
        [
          2815,
          374,
        ],
        [
          2861,
          397,
        ],
      ],
      labelBBox: {
        x: 2307,
        y: 291,
        width: 88,
        height: 18,
      },
      parent: null,
      relations: [
        'nldhhk',
      ],
      color: 'gray',
      line: 'dashed',
      head: 'normal',
      kind: 'audit',
      controlPoints: [
        {
          x: 1880,
          y: 327,
        },
        {
          x: 2408,
          y: 291,
        },
      ],
      navigateTo: null,
      tags: null,
    },
    {
      id: '1g6jczk',
      source: 'cp.case-administration-subdomain.case-management-system',
      target: 'cp.opami-subdomain.audit-system',
      label: 'sends data to',
      points: [
        [
          2502,
          249,
        ],
        [
          2519,
          281,
        ],
        [
          2543,
          313,
        ],
        [
          2575,
          332,
        ],
        [
          2601,
          348,
        ],
        [
          2683,
          332,
        ],
        [
          2713,
          340,
        ],
        [
          2762,
          353,
        ],
        [
          2813,
          374,
        ],
        [
          2858,
          397,
        ],
      ],
      labelBBox: {
        x: 2521,
        y: 322,
        width: 88,
        height: 18,
      },
      parent: null,
      relations: [
        '15fp2k1',
        '1r55uq6',
        'q01jh6',
        '1c2fdyc',
        'apx741',
        '1r8dytk',
        'o3plvc',
        '1uadppj',
        'u8f9j1',
        '1lvsjle',
        '1jogls8',
        '1b4g2b',
      ],
      color: 'gray',
      line: 'dashed',
      head: 'normal',
      kind: 'audit',
      controlPoints: [
        {
          x: 2365,
          y: 330,
        },
        {
          x: 2530,
          y: 322,
        },
      ],
      navigateTo: null,
      tags: null,
    },
    {
      id: '1i6f7qt',
      source: 'cp.case-administration-subdomain.work-management-system',
      target: 'cp.opami-subdomain.audit-system',
      label: 'sends data to',
      points: [
        [
          2169,
          249,
        ],
        [
          2196,
          264,
        ],
        [
          2225,
          278,
        ],
        [
          2253,
          289,
        ],
        [
          2329,
          319,
        ],
        [
          2351,
          321,
        ],
        [
          2432,
          332,
        ],
        [
          2494,
          340,
        ],
        [
          2652,
          325,
        ],
        [
          2713,
          340,
        ],
        [
          2763,
          352,
        ],
        [
          2815,
          374,
        ],
        [
          2861,
          397,
        ],
      ],
      labelBBox: {
        x: 2746,
        y: 405,
        width: 88,
        height: 18,
      },
      parent: null,
      relations: [
        'fhm654',
        'vmb8c4',
      ],
      color: 'gray',
      line: 'dashed',
      head: 'normal',
      kind: 'audit',
      controlPoints: [
        {
          x: 2708,
          y: 417,
        },
        {
          x: 2776,
          y: 395,
        },
      ],
      navigateTo: null,
      tags: null,
    },
    {
      id: '11hihmn',
      source: 'cp.case-ingestion-subdomain.cpci',
      target: 'cp.opami-subdomain.audit-system',
      label: 'sends data to',
      points: [
        [
          2972,
          249,
        ],
        [
          2980,
          293,
        ],
        [
          2991,
          346,
        ],
        [
          2999,
          391,
        ],
      ],
      labelBBox: {
        x: 3237,
        y: 302,
        width: 88,
        height: 18,
      },
      parent: null,
      relations: [
        '14wsbrb',
      ],
      color: 'gray',
      line: 'dashed',
      head: 'normal',
      kind: 'audit',
      controlPoints: [
        {
          x: 3237,
          y: 302,
        },
        {
          x: 3210,
          y: 305,
        },
      ],
      navigateTo: null,
      tags: null,
    },
    {
      id: 'z895l8',
      source: 'cp.case-ingestion-subdomain.cppi',
      target: 'cp.opami-subdomain.audit-system',
      label: 'sends data to',
      points: [
        [
          3338,
          249,
        ],
        [
          3278,
          294,
        ],
        [
          3205,
          349,
        ],
        [
          3144,
          395,
        ],
      ],
      labelBBox: {
        x: 3189,
        y: 152,
        width: 88,
        height: 18,
      },
      parent: null,
      relations: [
        'zfcmoi',
      ],
      color: 'gray',
      line: 'dashed',
      head: 'normal',
      kind: 'audit',
      controlPoints: [
        {
          x: 3247,
          y: 141,
        },
        {
          x: 3171,
          y: 158,
        },
      ],
      navigateTo: null,
      tags: null,
    },
    {
      id: '11y9q3q',
      source: 'cp.case-ingestion-subdomain.document-ingestion-system',
      target: 'cp.opami-subdomain.audit-system',
      label: 'sends data to',
      points: [
        [
          3787,
          249,
        ],
        [
          3760,
          264,
        ],
        [
          3732,
          278,
        ],
        [
          3704,
          289,
        ],
        [
          3533,
          361,
        ],
        [
          3329,
          417,
        ],
        [
          3188,
          452,
        ],
      ],
      labelBBox: {
        x: 3250,
        y: 419,
        width: 88,
        height: 18,
      },
      parent: null,
      relations: [
        '1iif59d',
        'ntx3uq',
      ],
      color: 'gray',
      line: 'dashed',
      head: 'normal',
      kind: 'audit',
      controlPoints: [
        {
          x: 3250,
          y: 419,
        },
        {
          x: 3218,
          y: 408,
        },
      ],
      navigateTo: null,
      tags: null,
    },
    {
      id: 'uttb1o',
      source: 'cp.case-ingestion-subdomain.spi',
      target: 'cp.opami-subdomain.audit-system',
      label: 'sends data to',
      points: [
        [
          4258,
          249,
        ],
        [
          4229,
          264,
        ],
        [
          4198,
          279,
        ],
        [
          4168,
          289,
        ],
        [
          3833,
          407,
        ],
        [
          3417,
          458,
        ],
        [
          3188,
          478,
        ],
      ],
      labelBBox: {
        x: 3233,
        y: 522,
        width: 88,
        height: 18,
      },
      parent: null,
      relations: [
        '1xid2tp',
      ],
      color: 'gray',
      line: 'dashed',
      head: 'normal',
      kind: 'audit',
      controlPoints: [
        {
          x: 3260,
          y: 610,
        },
        {
          x: 3217,
          y: 483,
        },
      ],
      navigateTo: null,
      tags: null,
    },
    {
      id: '17gknbb',
      source: 'cp.dlrm-subdomain.legacy-case-migration-system',
      target: 'cp.opami-subdomain.audit-system',
      label: 'sends data to',
      points: [
        [
          4736,
          249,
        ],
        [
          4708,
          265,
        ],
        [
          4678,
          279,
        ],
        [
          4648,
          289,
        ],
        [
          4380,
          380,
        ],
        [
          3549,
          451,
        ],
        [
          3188,
          478,
        ],
      ],
      labelBBox: {
        x: 2749,
        y: 204,
        width: 88,
        height: 18,
      },
      parent: null,
      relations: [
        'qb0trf',
        '2jp5tl',
      ],
      color: 'gray',
      line: 'dashed',
      head: 'normal',
      kind: 'audit',
      controlPoints: [
        {
          x: 2749,
          y: 204,
        },
        {
          x: 2777,
          y: 218,
        },
      ],
      navigateTo: null,
      tags: null,
    },
    {
      id: '1w8aog0',
      source: 'cp.shared-components-subdomain.users-and-groups-system',
      target: 'cp.opami-subdomain.audit-system',
      label: 'sends data to',
      points: [
        [
          5634,
          249,
        ],
        [
          5605,
          265,
        ],
        [
          5575,
          279,
        ],
        [
          5544,
          289,
        ],
        [
          5501,
          303,
        ],
        [
          5182,
          328,
        ],
        [
          5137,
          332,
        ],
        [
          4413,
          397,
        ],
        [
          3548,
          456,
        ],
        [
          3188,
          479,
        ],
      ],
      labelBBox: {
        x: 2758,
        y: 20,
        width: 88,
        height: 18,
      },
      parent: null,
      relations: [
        '1wqkimr',
        '1c29txw',
      ],
      color: 'gray',
      line: 'dashed',
      head: 'normal',
      kind: 'audit',
      controlPoints: [
        {
          x: 2743,
          y: -66,
        },
        {
          x: 2768,
          y: 57,
        },
      ],
      navigateTo: null,
      tags: null,
    },
    {
      id: 'tvruoj',
      source: 'cp.shared-components-subdomain.reference-data-system',
      target: 'cp.opami-subdomain.audit-system',
      label: 'sends data to',
      points: [
        [
          5186,
          249,
        ],
        [
          5157,
          265,
        ],
        [
          5125,
          279,
        ],
        [
          5094,
          289,
        ],
        [
          4923,
          344,
        ],
        [
          4871,
          314,
        ],
        [
          4693,
          332,
        ],
        [
          4143,
          387,
        ],
        [
          3491,
          447,
        ],
        [
          3188,
          475,
        ],
      ],
      labelBBox: {
        x: 3036,
        y: 28,
        width: 88,
        height: 18,
      },
      parent: null,
      relations: [
        'it6q0u',
        '3lwk1w',
        '135c5up',
      ],
      color: 'gray',
      line: 'dashed',
      head: 'normal',
      kind: 'audit',
      controlPoints: [
        {
          x: 3032,
          y: -51,
        },
        {
          x: 3027,
          y: 139,
        },
      ],
      navigateTo: null,
      tags: null,
    },
  ],
  _layout: 'manual',
}
