{
  _type: 'element',
  tags: null,
  links: null,
  viewOf: 'cp.scheduling-and-listing-subdomain.scheduling-and-listing-system',
  _stage: 'layouted',
  sourcePath: 'src/subdomain-scheduling-listing/model.views.scheduling-and-listing.c4',
  description: null,
  title: '[System Context] Scheduling and Listing System',
  id: 'scheduling-and-listing-system-context',
  autoLayout: {
    direction: 'TB',
  },
  notation: {
    nodes: [
      {
        title: 'External Software System',
        shape: 'rectangle',
        color: 'muted',
        kinds: [
          'external-system',
        ],
      },
      {
        title: 'Product',
        shape: 'rectangle',
        color: 'secondary',
        kinds: [
          'product',
        ],
      },
      {
        title: 'Product',
        shape: 'rectangle',
        color: 'primary',
        kinds: [
          'product',
        ],
      },
      {
        title: 'Subdomain',
        shape: 'rectangle',
        color: 'pale-yellow',
        kinds: [
          'subdomain',
        ],
      },
      {
        title: 'Subdomain',
        shape: 'rectangle',
        color: 'pale-green',
        kinds: [
          'subdomain',
        ],
      },
      {
        title: 'Subdomain',
        shape: 'rectangle',
        color: 'pale-purple',
        kinds: [
          'subdomain',
        ],
      },
    ],
  },
  hash: '3e31ab5691d9272cdf2ef85424f29d8bc38150f5',
  bounds: {
    x: 287,
    y: -27,
    width: 1960,
    height: 1190,
  },
  nodes: [
    {
      id: 'listing_officer',
      parent: null,
      level: 0,
      children: [],
      inEdges: [],
      outEdges: [
        '1khrkfr',
      ],
      title: 'Listing Officer',
      modelRef: 'listing_officer',
      shape: 'person',
      color: 'green',
      style: {
        opacity: 15,
        size: 'md',
      },
      description: {
        txt: 'Manages the court\'s daily schedule and ensures cases are heard efficiently',
      },
      tags: [],
      technology: 'Person',
      kind: 'actor',
      x: 337,
      y: -27,
      width: 320,
      height: 180,
      labelBBox: {
        x: 26,
        y: 44,
        width: 267,
        height: 86,
      },
    },
    {
      id: 'court_clerk',
      parent: null,
      level: 0,
      children: [],
      inEdges: [],
      outEdges: [
        'ljnu3',
      ],
      title: 'Court Clerk',
      modelRef: 'court_clerk',
      shape: 'person',
      color: 'green',
      style: {
        opacity: 15,
        size: 'md',
      },
      description: {
        txt: 'Organises physical and electronic case files, ensuring all documents are readily accessible when needed',
      },
      tags: [],
      technology: 'Person',
      kind: 'actor',
      x: 849,
      y: -27,
      width: 322,
      height: 180,
      labelBBox: {
        x: 18,
        y: 35,
        width: 307,
        height: 104,
      },
    },
    {
      id: 'legal_advisor',
      parent: null,
      level: 0,
      children: [],
      inEdges: [],
      outEdges: [
        'c91seo',
      ],
      title: 'Legal Advisor',
      modelRef: 'legal_advisor',
      shape: 'person',
      color: 'green',
      style: {
        opacity: 15,
        size: 'md',
      },
      description: {
        txt: 'Manages hearings in court and advises magistrates',
      },
      tags: [],
      technology: 'Person',
      kind: 'actor',
      x: 1363,
      y: -27,
      width: 322,
      height: 180,
      labelBBox: {
        x: 28,
        y: 44,
        width: 265,
        height: 86,
      },
    },
    {
      id: 'court_admin',
      parent: null,
      level: 0,
      children: [],
      inEdges: [],
      outEdges: [
        '1yl6ql3',
      ],
      title: 'Court Administrator',
      modelRef: 'court_admin',
      shape: 'person',
      color: 'green',
      style: {
        opacity: 15,
        size: 'md',
      },
      description: {
        txt: 'Manages court operations',
      },
      tags: [],
      technology: 'Person',
      kind: 'actor',
      x: 1877,
      y: -27,
      width: 322,
      height: 180,
      labelBBox: {
        x: 71,
        y: 53,
        width: 177,
        height: 68,
      },
    },
    {
      id: 'rota',
      parent: null,
      level: 0,
      children: [],
      inEdges: [],
      outEdges: [
        'im9ar4',
      ],
      title: 'Rota',
      modelRef: 'rota',
      shape: 'rectangle',
      color: 'muted',
      style: {
        opacity: 20,
        size: 'md',
      },
      description: {
        txt: 'Prepares sitting pattern for Magistrates Courts',
      },
      tags: [],
      notation: 'External Software System',
      technology: 'External System',
      kind: 'external-system',
      x: 1177,
      y: 766,
      width: 320,
      height: 180,
      labelBBox: {
        x: 29,
        y: 44,
        width: 262,
        height: 86,
      },
    },
    {
      id: 'cp.case-administration-subdomain',
      parent: null,
      level: 0,
      children: [
        'cp.case-administration-subdomain.case-management-system',
      ],
      inEdges: [],
      outEdges: [
        'lc1r87',
      ],
      title: 'Case Administration',
      modelRef: 'cp.case-administration-subdomain',
      shape: 'rectangle',
      color: 'pale-yellow',
      style: {
        opacity: 20,
        size: 'md',
      },
      tags: [],
      notation: 'Subdomain',
      technology: 'Subdomain',
      kind: 'subdomain',
      depth: 1,
      x: 296,
      y: 558,
      width: 400,
      height: 270,
      labelBBox: {
        x: 6,
        y: 0,
        width: 133,
        height: 15,
      },
    },
    {
      id: 'cp.case-administration-subdomain.case-management-system',
      parent: 'cp.case-administration-subdomain',
      level: 1,
      children: [],
      inEdges: [],
      outEdges: [
        'lc1r87',
      ],
      title: 'Case Management System',
      modelRef: 'cp.case-administration-subdomain.case-management-system',
      shape: 'rectangle',
      color: 'secondary',
      style: {
        opacity: 20,
        size: 'md',
      },
      description: {
        txt: 'Manages cases',
      },
      tags: [],
      notation: 'Product',
      technology: 'Product',
      kind: 'product',
      navigateTo: 'case-management-system-context',
      x: 336,
      y: 608,
      width: 320,
      height: 180,
      labelBBox: {
        x: 37,
        y: 53,
        width: 245,
        height: 68,
      },
    },
    {
      id: 'cp.scheduling-and-listing-subdomain',
      parent: null,
      level: 0,
      children: [
        'cp.scheduling-and-listing-subdomain.scheduling-and-listing-system',
      ],
      inEdges: [
        '1khrkfr',
        'ljnu3',
        'c91seo',
        '1yl6ql3',
        'im9ar4',
        'm9mmcr',
        'lc1r87',
      ],
      outEdges: [
        '1v0rim6',
        'z19ekm',
        '15s01bf',
      ],
      title: 'Scheduling and Listing',
      modelRef: 'cp.scheduling-and-listing-subdomain',
      shape: 'rectangle',
      color: 'pale-green',
      style: {
        opacity: 20,
        size: 'md',
      },
      tags: [],
      notation: 'Subdomain',
      technology: 'Subdomain',
      kind: 'subdomain',
      depth: 1,
      x: 1040,
      y: 342,
      width: 441,
      height: 270,
      labelBBox: {
        x: 6,
        y: 0,
        width: 150,
        height: 15,
      },
    },
    {
      id: 'cp.scheduling-and-listing-subdomain.scheduling-and-listing-system',
      parent: 'cp.scheduling-and-listing-subdomain',
      level: 1,
      children: [],
      inEdges: [
        '1khrkfr',
        'ljnu3',
        'c91seo',
        '1yl6ql3',
        'im9ar4',
        'm9mmcr',
        'lc1r87',
      ],
      outEdges: [
        '1v0rim6',
        'z19ekm',
        '15s01bf',
      ],
      title: 'Scheduling and Listing System',
      modelRef: 'cp.scheduling-and-listing-subdomain.scheduling-and-listing-system',
      shape: 'rectangle',
      color: 'primary',
      style: {
        opacity: 20,
        size: 'md',
      },
      description: {
        txt: 'Allows management of court schedules, booking of hearings and the publication of listings',
      },
      tags: [],
      notation: 'Product',
      technology: 'Product',
      kind: 'product',
      navigateTo: 'scheduling-and-listing-system-container-view',
      x: 1080,
      y: 392,
      width: 361,
      height: 180,
      labelBBox: {
        x: 18,
        y: 44,
        width: 326,
        height: 85,
      },
    },
    {
      id: 'xhibit',
      parent: null,
      level: 0,
      children: [],
      inEdges: [
        '1v0rim6',
      ],
      outEdges: [],
      title: 'Xhibit',
      modelRef: 'xhibit',
      shape: 'rectangle',
      color: 'muted',
      style: {
        opacity: 20,
        size: 'md',
      },
      description: {
        txt: 'Maintains court schedules for Crown Courts',
      },
      tags: [],
      notation: 'External Software System',
      technology: 'External System',
      kind: 'external-system',
      x: 1539,
      y: 768,
      width: 331,
      height: 180,
      labelBBox: {
        x: 19,
        y: 53,
        width: 295,
        height: 67,
      },
    },
    {
      id: 'cath',
      parent: null,
      level: 0,
      children: [],
      inEdges: [
        'z19ekm',
      ],
      outEdges: [],
      title: 'CATH',
      modelRef: 'cath',
      shape: 'rectangle',
      color: 'muted',
      style: {
        opacity: 20,
        size: 'md',
      },
      tags: [],
      notation: 'External Software System',
      technology: 'External System',
      kind: 'external-system',
      x: 1913,
      y: 766,
      width: 320,
      height: 180,
      labelBBox: {
        x: 111,
        y: 64,
        width: 99,
        height: 46,
      },
    },
    {
      id: 'cp.court-hearings-subdomain',
      parent: null,
      level: 0,
      children: [
        'cp.court-hearings-subdomain.hearing-system',
      ],
      inEdges: [
        '15s01bf',
      ],
      outEdges: [
        'm9mmcr',
      ],
      title: 'Court Hearings',
      modelRef: 'cp.court-hearings-subdomain',
      shape: 'rectangle',
      color: 'pale-purple',
      style: {
        opacity: 20,
        size: 'md',
      },
      tags: [],
      notation: 'Subdomain',
      technology: 'Subdomain',
      kind: 'subdomain',
      depth: 1,
      x: 287,
      y: 247,
      width: 426,
      height: 270,
      labelBBox: {
        x: 6,
        y: 0,
        width: 104,
        height: 15,
      },
    },
    {
      id: 'cp.court-hearings-subdomain.hearing-system',
      parent: 'cp.court-hearings-subdomain',
      level: 1,
      children: [],
      inEdges: [
        '15s01bf',
      ],
      outEdges: [
        'm9mmcr',
      ],
      title: 'Hearing System',
      modelRef: 'cp.court-hearings-subdomain.hearing-system',
      shape: 'rectangle',
      color: 'secondary',
      style: {
        opacity: 20,
        size: 'md',
      },
      description: {
        txt: 'Manages the lifecycle of hearings and records what happens in them',
      },
      tags: [],
      notation: 'Product',
      technology: 'Product',
      kind: 'product',
      navigateTo: 'hearing-system-context',
      x: 327,
      y: 297,
      width: 346,
      height: 180,
      labelBBox: {
        x: 18,
        y: 44,
        width: 310,
        height: 85,
      },
    },
  ],
  edges: [
    {
      id: '1v0rim6',
      source: 'cp.scheduling-and-listing-subdomain.scheduling-and-listing-system',
      target: 'xhibit',
      label: 'Sends Crown Court lists to',
      points: [
        [
          1301,
          582,
        ],
        [
          1301,
          623,
        ],
        [
          1301,
          673,
        ],
        [
          1301,
          716,
        ],
      ],
      labelBBox: {
        x: 1482,
        y: 670,
        width: 170,
        height: 18,
      },
      parent: null,
      relations: [
        '5tiq10',
        '1g8fg54',
      ],
      color: 'gray',
      line: 'dashed',
      head: 'normal',
      controlPoints: [
        {
          x: 1436.2106382978723,
          y: 630.8,
        },
      ],
    },
    {
      id: 'z19ekm',
      source: 'cp.scheduling-and-listing-subdomain.scheduling-and-listing-system',
      target: 'cath',
      label: 'Publish court lists to',
      points: [
        [
          1421,
          582,
        ],
        [
          1479,
          625,
        ],
        [
          1549,
          676,
        ],
        [
          1608,
          720,
        ],
      ],
      labelBBox: {
        x: 1675,
        y: 675,
        width: 129,
        height: 18,
      },
      parent: null,
      relations: [
        '6niufx',
        '4v6qiq',
      ],
      color: 'gray',
      line: 'dashed',
      head: 'normal',
      controlPoints: [
        {
          x: 1582.6,
          y: 630.2651076923077,
        },
      ],
    },
    {
      id: '15s01bf',
      source: 'cp.scheduling-and-listing-subdomain.scheduling-and-listing-system',
      target: 'cp.court-hearings-subdomain.hearing-system',
      label: 'listens to daily court list published by',
      points: [
        [
          1260.5,
          482,
        ],
        [
          1027.55,
          482,
        ],
        [
          716.95,
          482,
        ],
        [
          484,
          482,
        ],
      ],
      labelBBox: {
        x: 876,
        y: 434,
        width: 230,
        height: 18,
      },
      parent: null,
      relations: [
        'mvhbs2',
      ],
      color: 'gray',
      line: 'dashed',
      head: 'normal',
      controlPoints: [
        {
          x: 957.9,
          y: 444.1998685075608,
        },
      ],
    },
    {
      id: '1khrkfr',
      source: 'listing_officer',
      target: 'cp.scheduling-and-listing-subdomain.scheduling-and-listing-system',
      label: 'Manages court schedule and allocates \nhearings using',
      points: [
        [
          1098,
          241,
        ],
        [
          1105,
          274,
        ],
        [
          1117,
          311,
        ],
        [
          1135,
          341,
        ],
        [
          1147,
          360,
        ],
        [
          1162,
          378,
        ],
        [
          1178,
          395,
        ],
      ],
      labelBBox: {
        x: 874,
        y: 270,
        width: 243,
        height: 35,
      },
      parent: null,
      relations: [
        '1xaycw9',
        'h2nqwu',
        '1twb23c',
      ],
      color: 'gray',
      line: 'dashed',
      head: 'normal',
      controlPoints: [
        {
          x: 788.8507159904534,
          y: 223.164309102816,
        },
      ],
    },
    {
      id: 'ljnu3',
      source: 'court_clerk',
      target: 'cp.scheduling-and-listing-subdomain.scheduling-and-listing-system',
      label: 'Runs court room logistic on hearing day',
      points: [
        [
          1465,
          241,
        ],
        [
          1446,
          273,
        ],
        [
          1424,
          309,
        ],
        [
          1403,
          341,
        ],
        [
          1392,
          358,
        ],
        [
          1380,
          376,
        ],
        [
          1368,
          394,
        ],
      ],
      labelBBox: {
        x: 1135,
        y: 273,
        width: 251,
        height: 18,
      },
      parent: null,
      relations: [
        '14fs1jo',
        'bw696v',
      ],
      color: 'gray',
      line: 'dashed',
      head: 'normal',
      controlPoints: [
        {
          x: 1106.6726730310263,
          y: 224.7,
        },
      ],
    },
    {
      id: 'c91seo',
      source: 'legal_advisor',
      target: 'cp.scheduling-and-listing-subdomain.scheduling-and-listing-system',
      label: 'Manage hearings in court and advise \nmagistrates',
      points: [
        [
          1849,
          241,
        ],
        [
          1807,
          275,
        ],
        [
          1755,
          313,
        ],
        [
          1705,
          341,
        ],
        [
          1638,
          378,
        ],
        [
          1561,
          409,
        ],
        [
          1492,
          433,
        ],
      ],
      labelBBox: {
        x: 1392,
        y: 273,
        width: 234,
        height: 35,
      },
      parent: null,
      relations: [
        '197x1gs',
        '4g6fu',
      ],
      color: 'gray',
      line: 'dashed',
      head: 'normal',
      controlPoints: [
        {
          x: 1422.3103818615753,
          y: 224.7,
        },
      ],
    },
    {
      id: '1yl6ql3',
      source: 'court_admin',
      target: 'cp.scheduling-and-listing-subdomain.scheduling-and-listing-system',
      label: 'Maintain and manages court diary using',
      points: [
        [
          2226,
          241,
        ],
        [
          2206,
          252,
        ],
        [
          2186,
          263,
        ],
        [
          2166,
          273,
        ],
        [
          2104,
          305,
        ],
        [
          2091,
          319,
        ],
        [
          2025,
          341,
        ],
        [
          1849,
          400,
        ],
        [
          1640,
          441,
        ],
        [
          1492,
          464,
        ],
      ],
      labelBBox: {
        x: 1655,
        y: 270,
        width: 252,
        height: 18,
      },
      parent: null,
      relations: [
        'f360tm',
        '17h0x98',
      ],
      color: 'gray',
      line: 'dashed',
      head: 'normal',
      controlPoints: [
        {
          x: 1742.1514319809069,
          y: 222.43479099678456,
        },
      ],
    },
    {
      id: 'im9ar4',
      source: 'rota',
      target: 'cp.scheduling-and-listing-subdomain.scheduling-and-listing-system',
      label: 'Sends court schedules to',
      points: [
        [
          771,
          241,
        ],
        [
          818,
          275,
        ],
        [
          873,
          312,
        ],
        [
          927,
          341,
        ],
        [
          985,
          372,
        ],
        [
          1050,
          401,
        ],
        [
          1111,
          424,
        ],
      ],
      labelBBox: {
        x: 1299,
        y: 669,
        width: 161,
        height: 18,
      },
      parent: null,
      relations: [
        '1xd6nwo',
      ],
      color: 'gray',
      line: 'dashed',
      head: 'normal',
      controlPoints: [
        {
          x: 1306.6863636363637,
          y: 707.8,
        },
      ],
    },
    {
      id: 'm9mmcr',
      source: 'cp.court-hearings-subdomain.hearing-system',
      target: 'cp.scheduling-and-listing-subdomain.scheduling-and-listing-system',
      label: 'hearing deatils changed',
      points: [
        [
          370,
          241,
        ],
        [
          393,
          253,
        ],
        [
          418,
          264,
        ],
        [
          441,
          273,
        ],
        [
          663,
          362,
        ],
        [
          933,
          423,
        ],
        [
          1110,
          458,
        ],
      ],
      labelBBox: {
        x: 880,
        y: 366,
        width: 153,
        height: 18,
      },
      parent: null,
      relations: [
        'gs5ack',
      ],
      color: 'gray',
      line: 'dashed',
      head: 'normal',
      controlPoints: [
        {
          x: 812,
          y: 353,
        },
      ],
    },
    {
      id: 'lc1r87',
      source: 'cp.case-administration-subdomain.case-management-system',
      target: 'cp.scheduling-and-listing-subdomain.scheduling-and-listing-system',
      label: 'requests listings for hearings using',
      points: [
        [
          471,
          1163,
        ],
        [
          707.85,
          958.7,
        ],
        [
          1023.65,
          686.3,
        ],
        [
          1260.5,
          482,
        ],
      ],
      labelBBox: {
        x: 868,
        y: 593,
        width: 220,
        height: 18,
      },
      parent: null,
      relations: [
        '58x7mx',
      ],
      color: 'gray',
      line: 'dashed',
      head: 'normal',
      controlPoints: [
        {
          x: 783.2,
          y: 616.8551994767822,
        },
      ],
    },
  ],
}
